Archive member included to satisfy reference by file (symbol)

C:/ST/STM32CubeIDE_1.15.1/STM32CubeIDE/plugins/com.st.stm32cube.ide.mcu.externaltools.gnu-tools-for-stm32.12.3.rel1.win32_1.0.100.202403111256/tools/bin/../lib/gcc/arm-none-eabi/12.3.1/../../../../arm-none-eabi/lib/thumb/v7e-m+fp/hard\libc_nano.a(libc_a-exit.o)
                              C:/ST/STM32CubeIDE_1.15.1/STM32CubeIDE/plugins/com.st.stm32cube.ide.mcu.externaltools.gnu-tools-for-stm32.12.3.rel1.win32_1.0.100.202403111256/tools/bin/../lib/gcc/arm-none-eabi/12.3.1/../../../../arm-none-eabi/lib/thumb/v7e-m+fp/hard/crt0.o (exit)
C:/ST/STM32CubeIDE_1.15.1/STM32CubeIDE/plugins/com.st.stm32cube.ide.mcu.externaltools.gnu-tools-for-stm32.12.3.rel1.win32_1.0.100.202403111256/tools/bin/../lib/gcc/arm-none-eabi/12.3.1/../../../../arm-none-eabi/lib/thumb/v7e-m+fp/hard\libc_nano.a(libc_a-findfp.o)
                              C:/ST/STM32CubeIDE_1.15.1/STM32CubeIDE/plugins/com.st.stm32cube.ide.mcu.externaltools.gnu-tools-for-stm32.12.3.rel1.win32_1.0.100.202403111256/tools/bin/../lib/gcc/arm-none-eabi/12.3.1/../../../../arm-none-eabi/lib/thumb/v7e-m+fp/hard\libc_nano.a(libc_a-exit.o) (__stdio_exit_handler)
C:/ST/STM32CubeIDE_1.15.1/STM32CubeIDE/plugins/com.st.stm32cube.ide.mcu.externaltools.gnu-tools-for-stm32.12.3.rel1.win32_1.0.100.202403111256/tools/bin/../lib/gcc/arm-none-eabi/12.3.1/../../../../arm-none-eabi/lib/thumb/v7e-m+fp/hard\libc_nano.a(libc_a-fwalk.o)
                              C:/ST/STM32CubeIDE_1.15.1/STM32CubeIDE/plugins/com.st.stm32cube.ide.mcu.externaltools.gnu-tools-for-stm32.12.3.rel1.win32_1.0.100.202403111256/tools/bin/../lib/gcc/arm-none-eabi/12.3.1/../../../../arm-none-eabi/lib/thumb/v7e-m+fp/hard\libc_nano.a(libc_a-findfp.o) (_fwalk_sglue)
C:/ST/STM32CubeIDE_1.15.1/STM32CubeIDE/plugins/com.st.stm32cube.ide.mcu.externaltools.gnu-tools-for-stm32.12.3.rel1.win32_1.0.100.202403111256/tools/bin/../lib/gcc/arm-none-eabi/12.3.1/../../../../arm-none-eabi/lib/thumb/v7e-m+fp/hard\libc_nano.a(libc_a-stdio.o)
                              C:/ST/STM32CubeIDE_1.15.1/STM32CubeIDE/plugins/com.st.stm32cube.ide.mcu.externaltools.gnu-tools-for-stm32.12.3.rel1.win32_1.0.100.202403111256/tools/bin/../lib/gcc/arm-none-eabi/12.3.1/../../../../arm-none-eabi/lib/thumb/v7e-m+fp/hard\libc_nano.a(libc_a-findfp.o) (__sread)
C:/ST/STM32CubeIDE_1.15.1/STM32CubeIDE/plugins/com.st.stm32cube.ide.mcu.externaltools.gnu-tools-for-stm32.12.3.rel1.win32_1.0.100.202403111256/tools/bin/../lib/gcc/arm-none-eabi/12.3.1/../../../../arm-none-eabi/lib/thumb/v7e-m+fp/hard\libc_nano.a(libc_a-memset.o)
                              C:/ST/STM32CubeIDE_1.15.1/STM32CubeIDE/plugins/com.st.stm32cube.ide.mcu.externaltools.gnu-tools-for-stm32.12.3.rel1.win32_1.0.100.202403111256/tools/bin/../lib/gcc/arm-none-eabi/12.3.1/../../../../arm-none-eabi/lib/thumb/v7e-m+fp/hard/crt0.o (memset)
C:/ST/STM32CubeIDE_1.15.1/STM32CubeIDE/plugins/com.st.stm32cube.ide.mcu.externaltools.gnu-tools-for-stm32.12.3.rel1.win32_1.0.100.202403111256/tools/bin/../lib/gcc/arm-none-eabi/12.3.1/../../../../arm-none-eabi/lib/thumb/v7e-m+fp/hard\libc_nano.a(libc_a-closer.o)
                              C:/ST/STM32CubeIDE_1.15.1/STM32CubeIDE/plugins/com.st.stm32cube.ide.mcu.externaltools.gnu-tools-for-stm32.12.3.rel1.win32_1.0.100.202403111256/tools/bin/../lib/gcc/arm-none-eabi/12.3.1/../../../../arm-none-eabi/lib/thumb/v7e-m+fp/hard\libc_nano.a(libc_a-stdio.o) (_close_r)
C:/ST/STM32CubeIDE_1.15.1/STM32CubeIDE/plugins/com.st.stm32cube.ide.mcu.externaltools.gnu-tools-for-stm32.12.3.rel1.win32_1.0.100.202403111256/tools/bin/../lib/gcc/arm-none-eabi/12.3.1/../../../../arm-none-eabi/lib/thumb/v7e-m+fp/hard\libc_nano.a(libc_a-reent.o)
                              C:/ST/STM32CubeIDE_1.15.1/STM32CubeIDE/plugins/com.st.stm32cube.ide.mcu.externaltools.gnu-tools-for-stm32.12.3.rel1.win32_1.0.100.202403111256/tools/bin/../lib/gcc/arm-none-eabi/12.3.1/../../../../arm-none-eabi/lib/thumb/v7e-m+fp/hard\libc_nano.a(libc_a-closer.o) (errno)
C:/ST/STM32CubeIDE_1.15.1/STM32CubeIDE/plugins/com.st.stm32cube.ide.mcu.externaltools.gnu-tools-for-stm32.12.3.rel1.win32_1.0.100.202403111256/tools/bin/../lib/gcc/arm-none-eabi/12.3.1/../../../../arm-none-eabi/lib/thumb/v7e-m+fp/hard\libc_nano.a(libc_a-impure.o)
                              C:/ST/STM32CubeIDE_1.15.1/STM32CubeIDE/plugins/com.st.stm32cube.ide.mcu.externaltools.gnu-tools-for-stm32.12.3.rel1.win32_1.0.100.202403111256/tools/bin/../lib/gcc/arm-none-eabi/12.3.1/../../../../arm-none-eabi/lib/thumb/v7e-m+fp/hard\libc_nano.a(libc_a-reent.o) (_impure_ptr)
C:/ST/STM32CubeIDE_1.15.1/STM32CubeIDE/plugins/com.st.stm32cube.ide.mcu.externaltools.gnu-tools-for-stm32.12.3.rel1.win32_1.0.100.202403111256/tools/bin/../lib/gcc/arm-none-eabi/12.3.1/../../../../arm-none-eabi/lib/thumb/v7e-m+fp/hard\libc_nano.a(libc_a-lseekr.o)
[...]
Memory Configuration

Name             Origin             Length             Attributes
RAM              0x20000000         0x00010000         xrw
FLASH            0x08000000         0x00040000         xr
*default*        0x00000000         0xffffffff

Linker script and memory map

LOAD C:/ST/STM32CubeIDE_1.15.1/STM32CubeIDE/plugins/com.st.stm32cube.ide.mcu.externaltools.gnu-tools-for-stm32.12.3.rel1.win32_1.0.100.202403111256/tools/bin/../lib/gcc/arm-none-eabi/12.3.1/thumb/v7e-m+fp/hard/crti.o
LOAD C:/ST/STM32CubeIDE_1.15.1/STM32CubeIDE/plugins/com.st.stm32cube.ide.mcu.externaltools.gnu-tools-for-stm32.12.3.rel1.win32_1.0.100.202403111256/tools/bin/../lib/gcc/arm-none-eabi/12.3.1/thumb/v7e-m+fp/hard/crtbegin.o
LOAD C:/ST/STM32CubeIDE_1.15.1/STM32CubeIDE/plugins/com.st.stm32cube.ide.mcu.externaltools.gnu-tools-for-stm32.12.3.rel1.win32_1.0.100.202403111256/tools/bin/../lib/gcc/arm-none-eabi/12.3.1/../../../../arm-none-eabi/lib/thumb/v7e-m+fp/hard/crt0.o
LOAD ./Core/Src/asserts.o
LOAD ./Core/Src/backdoor.o
LOAD ./Core/Src/boot.o
LOAD ./Core/Src/com.o
LOAD ./Core/Src/cop.o
LOAD ./Core/Src/cpu.o
LOAD ./Core/Src/cpu_comp.o
LOAD ./Core/Src/flash.o
LOAD ./Core/Src/hooks.o
LOAD ./Core/Src/main.o
LOAD ./Core/Src/nvm.o
LOAD ./Core/Src/rs232.o
LOAD ./Core/Src/stm32f4xx_hal_msp.o
LOAD ./Core/Src/stm32f4xx_it.o
LOAD ./Core/Src/syscalls.o
LOAD ./Core/Src/sysmem.o
LOAD ./Core/Src/system_stm32f4xx.o
LOAD ./Core/Src/timer.o
LOAD ./Core/Src/xcp.o
LOAD ./Core/Startup/startup_stm32f401ccux.o
LOAD ./Drivers/STM32F4xx_HAL_Driver/Src/stm32f4xx_hal.o
LOAD ./Drivers/STM32F4xx_HAL_Driver/Src/stm32f4xx_hal_cortex.o
LOAD ./Drivers/STM32F4xx_HAL_Driver/Src/stm32f4xx_hal_dma.o
LOAD ./Drivers/STM32F4xx_HAL_Driver/Src/stm32f4xx_hal_dma_ex.o
LOAD ./Drivers/STM32F4xx_HAL_Driver/Src/stm32f4xx_hal_exti.o
LOAD ./Drivers/STM32F4xx_HAL_Driver/Src/stm32f4xx_hal_flash.o
LOAD ./Drivers/STM32F4xx_HAL_Driver/Src/stm32f4xx_hal_flash_ex.o
LOAD ./Drivers/STM32F4xx_HAL_Driver/Src/stm32f4xx_hal_flash_ramfunc.o
LOAD ./Drivers/STM32F4xx_HAL_Driver/Src/stm32f4xx_hal_gpio.o
LOAD ./Drivers/STM32F4xx_HAL_Driver/Src/stm32f4xx_hal_pwr.o
LOAD ./Drivers/STM32F4xx_HAL_Driver/Src/stm32f4xx_hal_pwr_ex.o
LOAD ./Drivers/STM32F4xx_HAL_Driver/Src/stm32f4xx_hal_rcc.o
LOAD ./Drivers/STM32F4xx_HAL_Driver/Src/stm32f4xx_hal_rcc_ex.o
LOAD ./Drivers/STM32F4xx_HAL_Driver/Src/stm32f4xx_hal_tim.o
LOAD ./Drivers/STM32F4xx_HAL_Driver/Src/stm32f4xx_hal_tim_ex.o
LOAD ./Drivers/STM32F4xx_HAL_Driver/Src/stm32f4xx_hal_uart.o
LOAD ./Drivers/STM32F4xx_HAL_Driver/Src/stm32f4xx_ll_rcc.o
LOAD ./Drivers/STM32F4xx_HAL_Driver/Src/stm32f4xx_ll_usart.o
START GROUP
LOAD C:/ST/STM32CubeIDE_1.15.1/STM32CubeIDE/plugins/com.st.stm32cube.ide.mcu.externaltools.gnu-tools-for-stm32.12.3.rel1.win32_1.0.100.202403111256/tools/bin/../lib/gcc/arm-none-eabi/12.3.1/../../../../arm-none-eabi/lib/thumb/v7e-m+fp/hard\libc_nano.a
LOAD C:/ST/STM32CubeIDE_1.15.1/STM32CubeIDE/plugins/com.st.stm32cube.ide.mcu.externaltools.gnu-tools-for-stm32.12.3.rel1.win32_1.0.100.202403111256/tools/bin/../lib/gcc/arm-none-eabi/12.3.1/../../../../arm-none-eabi/lib/thumb/v7e-m+fp/hard\libm.a
END GROUP
START GROUP
LOAD C:/ST/STM32CubeIDE_1.15.1/STM32CubeIDE/plugins/com.st.stm32cube.ide.mcu.externaltools.gnu-tools-for-stm32.12.3.rel1.win32_1.0.100.202403111256/tools/bin/../lib/gcc/arm-none-eabi/12.3.1/thumb/v7e-m+fp/hard\libgcc.a
LOAD C:/ST/STM32CubeIDE_1.15.1/STM32CubeIDE/plugins/com.st.stm32cube.ide.mcu.externaltools.gnu-tools-for-stm32.12.3.rel1.win32_1.0.100.202403111256/tools/bin/../lib/gcc/arm-none-eabi/12.3.1/../../../../arm-none-eabi/lib/thumb/v7e-m+fp/hard\libc_nano.a
END GROUP
START GROUP
LOAD C:/ST/STM32CubeIDE_1.15.1/STM32CubeIDE/plugins/com.st.stm32cube.ide.mcu.externaltools.gnu-tools-for-stm32.12.3.rel1.win32_1.0.100.202403111256/tools/bin/../lib/gcc/arm-none-eabi/12.3.1/thumb/v7e-m+fp/hard\libgcc.a
LOAD C:/ST/STM32CubeIDE_1.15.1/STM32CubeIDE/plugins/com.st.stm32cube.ide.mcu.externaltools.gnu-tools-for-stm32.12.3.rel1.win32_1.0.100.202403111256/tools/bin/../lib/gcc/arm-none-eabi/12.3.1/../../../../arm-none-eabi/lib/thumb/v7e-m+fp/hard\libc_nano.a
LOAD C:/ST/STM32CubeIDE_1.15.1/STM32CubeIDE/plugins/com.st.stm32cube.ide.mcu.externaltools.gnu-tools-for-stm32.12.3.rel1.win32_1.0.100.202403111256/tools/bin/../lib/gcc/arm-none-eabi/12.3.1/../../../../arm-none-eabi/lib/thumb/v7e-m+fp/hard\libnosys.a
END GROUP
START GROUP
LOAD C:/ST/STM32CubeIDE_1.15.1/STM32CubeIDE/plugins/com.st.stm32cube.ide.mcu.externaltools.gnu-tools-for-stm32.12.3.rel1.win32_1.0.100.202403111256/tools/bin/../lib/gcc/arm-none-eabi/12.3.1/thumb/v7e-m+fp/hard\libgcc.a
LOAD C:/ST/STM32CubeIDE_1.15.1/STM32CubeIDE/plugins/com.st.stm32cube.ide.mcu.externaltools.gnu-tools-for-stm32.12.3.rel1.win32_1.0.100.202403111256/tools/bin/../lib/gcc/arm-none-eabi/12.3.1/../../../../arm-none-eabi/lib/thumb/v7e-m+fp/hard\libc_nano.a
LOAD C:/ST/STM32CubeIDE_1.15.1/STM32CubeIDE/plugins/com.st.stm32cube.ide.mcu.externaltools.gnu-tools-for-stm32.12.3.rel1.win32_1.0.100.202403111256/tools/bin/../lib/gcc/arm-none-eabi/12.3.1/../../../../arm-none-eabi/lib/thumb/v7e-m+fp/hard\libnosys.a
END GROUP
LOAD C:/ST/STM32CubeIDE_1.15.1/STM32CubeIDE/plugins/com.st.stm32cube.ide.mcu.externaltools.gnu-tools-for-stm32.12.3.rel1.win32_1.0.100.202403111256/tools/bin/../lib/gcc/arm-none-eabi/12.3.1/thumb/v7e-m+fp/hard/crtend.o
LOAD C:/ST/STM32CubeIDE_1.15.1/STM32CubeIDE/plugins/com.st.stm32cube.ide.mcu.externaltools.gnu-tools-for-stm32.12.3.rel1.win32_1.0.100.202403111256/tools/bin/../lib/gcc/arm-none-eabi/12.3.1/thumb/v7e-m+fp/hard/crtn.o
                0x20010000                        _estack = (ORIGIN (RAM) + LENGTH (RAM))
                0x00000200                        _Min_Heap_Size = 0x200
                0x00000400                        _Min_Stack_Size = 0x400

.isr_vector     0x08000000      0x194
                0x08000000                        . = ALIGN (0x4)
 *(.isr_vector)
 .isr_vector    0x08000000      0x194 ./Core/Startup/startup_stm32f401ccux.o
                0x08000000                g_pfnVectors
                0x08000194                        . = ALIGN (0x4)

.text           0x08000194     0x380c
                0x08000194                        . = ALIGN (0x4)
 *(.text)
 .text          0x08000194       0x40 C:/ST/STM32CubeIDE_1.15.1/STM32CubeIDE/plugins/com.st.stm32cube.ide.mcu.externaltools.gnu-tools-for-stm32.12.3.rel1.win32_1.0.100.202403111256/tools/bin/../lib/gcc/arm-none-eabi/12.3.1/thumb/v7e-m+fp/hard/crtbegin.o
 .text          0x080001d4       0x30 C:/ST/STM32CubeIDE_1.15.1/STM32CubeIDE/plugins/com.st.stm32cube.ide.mcu.externaltools.gnu-tools-for-stm32.12.3.rel1.win32_1.0.100.202403111256/tools/bin/../lib/gcc/arm-none-eabi/12.3.1/thumb/v7e-m+fp/hard\libgcc.a(_aeabi_uldivmod.o)
                0x080001d4                __aeabi_uldivmod
 .text          0x08000204      0x2bc C:/ST/STM32CubeIDE_1.15.1/STM32CubeIDE/plugins/com.st.stm32cube.ide.mcu.externaltools.gnu-tools-for-stm32.12.3.rel1.win32_1.0.100.202403111256/tools/bin/../lib/gcc/arm-none-eabi/12.3.1/thumb/v7e-m+fp/hard\libgcc.a(_udivmoddi4.o)
                0x08000204                __udivmoddi4
 .text          0x080004c0        0x4 C:/ST/STM32CubeIDE_1.15.1/STM32CubeIDE/plugins/com.st.stm32cube.ide.mcu.externaltools.gnu-tools-for-stm32.12.3.rel1.win32_1.0.100.202403111256/tools/bin/../lib/gcc/arm-none-eabi/12.3.1/thumb/v7e-m+fp/hard\libgcc.a(_dvmd_tls.o)
                0x080004c0                __aeabi_idiv0
                0x080004c0                __aeabi_ldiv0
 *(.text*)
 .text.AssertFailure
                0x080004c4       0x10 ./Core/Src/asserts.o
                0x080004c4                AssertFailure
 .text.BackDoorInit
                0x080004d4       0x1c ./Core/Src/backdoor.o
                0x080004d4                BackDoorInit
 .text.BackDoorCheck
                0x080004f0       0x4c ./Core/Src/backdoor.o
                0x080004f0                BackDoorCheck
 .text.BackDoorRestartTimer
                0x0800053c       0x24 ./Core/Src/backdoor.o
                0x0800053c                BackDoorRestartTimer
 .text.BootInit
                0x08000560       0x20 ./Core/Src/boot.o
                0x08000560                BootInit
 .text.BootTask
                0x08000580       0x18 ./Core/Src/boot.o
                0x08000580                BootTask
 .text.ComInit  0x08000598       0x1c ./Core/Src/com.o
                0x08000598                ComInit
 .text.ComTask  0x080005b4       0x38 ./Core/Src/com.o
                0x080005b4                ComTask
 .text.ComFree  0x080005ec        0xe ./Core/Src/com.o
                0x080005ec                ComFree
 *fill*         0x080005fa        0x2 
 .text.ComTransmitPacket
                0x080005fc       0x30 ./Core/Src/com.o
                0x080005fc                ComTransmitPacket
 .text.ComGetActiveInterfaceMaxRxLen
                0x0800062c       0x60 ./Core/Src/com.o
                0x0800062c                ComGetActiveInterfaceMaxRxLen
 .text.ComGetActiveInterfaceMaxTxLen
                0x0800068c       0x60 ./Core/Src/com.o
                0x0800068c                ComGetActiveInterfaceMaxTxLen
 .text.ComIsConnected
                0x080006ec       0x22 ./Core/Src/com.o
                0x080006ec                ComIsConnected
 .text.CopInit  0x0800070e        0xc ./Core/Src/cop.o
                0x0800070e                CopInit
 .text.CopService
                0x0800071a        0xc ./Core/Src/cop.o
                0x0800071a                CopService
 .text.CpuInit  0x08000726        0xc ./Core/Src/cpu.o
                0x08000726                CpuInit
 *fill*         0x08000732        0x2 
 .text.CpuStartUserProgram
                0x08000734       0x60 ./Core/Src/cpu.o
                0x08000734                CpuStartUserProgram
 .text.CpuMemCopy
                0x08000794       0x40 ./Core/Src/cpu.o
                0x08000794                CpuMemCopy
 .text.CpuIrqDisable
                0x080007d4       0x10 ./Core/Src/cpu_comp.o
                0x080007d4                CpuIrqDisable
 .text.CpuIrqEnable
                0x080007e4       0x10 ./Core/Src/cpu_comp.o
                0x080007e4                CpuIrqEnable
 .text.FlashInit
                0x080007f4       0x28 ./Core/Src/flash.o
                0x080007f4                FlashInit
 .text.FlashWrite
                0x0800081c       0x94 ./Core/Src/flash.o
                0x0800081c                FlashWrite
 .text.FlashErase
                0x080008b0       0x6c ./Core/Src/flash.o
                0x080008b0                FlashErase
 .text.FlashWriteChecksum
                0x0800091c       0xa8 ./Core/Src/flash.o
                0x0800091c                FlashWriteChecksum
 .text.FlashVerifyChecksum
                0x080009c4       0x88 ./Core/Src/flash.o
                0x080009c4                FlashVerifyChecksum
 .text.FlashDone
                0x08000a4c       0x48 ./Core/Src/flash.o
                0x08000a4c                FlashDone
 .text.FlashGetUserProgBaseAddress
                0x08000a94       0x14 ./Core/Src/flash.o
                0x08000a94                FlashGetUserProgBaseAddress
 .text.FlashInitBlock
                0x08000aa8       0x46 ./Core/Src/flash.o
 *fill*         0x08000aee        0x2 
 .text.FlashSwitchBlock
                0x08000af0       0x64 ./Core/Src/flash.o
 .text.FlashAddToBlock
                0x08000b54       0xc4 ./Core/Src/flash.o
 .text.FlashWriteBlock
                0x08000c18       0x7e ./Core/Src/flash.o
 *fill*         0x08000c96        0x2 
 .text.FlashEmptyCheckSector
                0x08000c98       0xd4 ./Core/Src/flash.o
 .text.FlashEraseSectors
                0x08000d6c       0xba ./Core/Src/flash.o
 *fill*         0x08000e26        0x2 
 .text.FlashGetSector
                0x08000e28       0x88 ./Core/Src/flash.o
 .text.CpuUserProgramStartHook
                0x08000eb0       0x24 ./Core/Src/hooks.o
                0x08000eb0                CpuUserProgramStartHook
 .text.CopInitHook
                0x08000ed4        0xe ./Core/Src/hooks.o
                0x08000ed4                CopInitHook
 .text.CopServiceHook
                0x08000ee2        0xe ./Core/Src/hooks.o
                0x08000ee2                CopServiceHook
 .text.main     0x08000ef0       0x1a ./Core/Src/main.o
                0x08000ef0                main
 *fill*         0x08000f0a        0x2 
 .text.MX_USART2_UART_Init
                0x08000f0c       0x54 ./Core/Src/main.o
 .text.MX_GPIO_Init
                0x08000f60       0x50 ./Core/Src/main.o
 .text.Error_Handler
                0x08000fb0        0xc ./Core/Src/main.o
                0x08000fb0                Error_Handler
 .text.NvmInit  0x08000fbc        0xc ./Core/Src/nvm.o
                0x08000fbc                NvmInit
 .text.NvmWrite
                0x08000fc8       0x20 ./Core/Src/nvm.o
                0x08000fc8                NvmWrite
 .text.NvmErase
                0x08000fe8       0x1c ./Core/Src/nvm.o
                0x08000fe8                NvmErase
 .text.NvmVerifyChecksum
                0x08001004        0xe ./Core/Src/nvm.o
                0x08001004                NvmVerifyChecksum
 .text.NvmGetUserProgBaseAddress
                0x08001012        0xe ./Core/Src/nvm.o
                0x08001012                NvmGetUserProgBaseAddress
 .text.NvmDone  0x08001020       0x1c ./Core/Src/nvm.o
                0x08001020                NvmDone
 .text.LL_USART_Enable
                0x0800103c       0x20 ./Core/Src/rs232.o
 .text.LL_USART_Disable
                0x0800105c       0x20 ./Core/Src/rs232.o
 .text.LL_USART_IsActiveFlag_RXNE
                0x0800107c       0x26 ./Core/Src/rs232.o
 .text.LL_USART_IsActiveFlag_TXE
                0x080010a2       0x26 ./Core/Src/rs232.o
 .text.LL_USART_ReceiveData8
                0x080010c8       0x1a ./Core/Src/rs232.o
 .text.LL_USART_TransmitData8
                0x080010e2       0x1e ./Core/Src/rs232.o
 .text.Rs232Init
                0x08001100       0x50 ./Core/Src/rs232.o
                0x08001100                Rs232Init
 .text.Rs232TransmitPacket
                0x08001150       0x58 ./Core/Src/rs232.o
                0x08001150                Rs232TransmitPacket
 .text.Rs232ReceivePacket
                0x080011a8       0xc8 ./Core/Src/rs232.o
                0x080011a8                Rs232ReceivePacket
 .text.Rs232ReceiveByte
                0x08001270       0x34 ./Core/Src/rs232.o
 .text.Rs232TransmitByte
                0x080012a4       0x4c ./Core/Src/rs232.o
 .text.HAL_MspInit
                0x080012f0       0x50 ./Core/Src/stm32f4xx_hal_msp.o
                0x080012f0                HAL_MspInit
 .text.HAL_UART_MspInit
                0x08001340       0x90 ./Core/Src/stm32f4xx_hal_msp.o
                0x08001340                HAL_UART_MspInit
 .text.NMI_Handler
                0x080013d0        0x8 ./Core/Src/stm32f4xx_it.o
                0x080013d0                NMI_Handler
 .text.HardFault_Handler
                0x080013d8        0x8 ./Core/Src/stm32f4xx_it.o
                0x080013d8                HardFault_Handler
 .text.MemManage_Handler
                0x080013e0        0x8 ./Core/Src/stm32f4xx_it.o
                0x080013e0                MemManage_Handler
 .text.BusFault_Handler
                0x080013e8        0x8 ./Core/Src/stm32f4xx_it.o
                0x080013e8                BusFault_Handler
 .text.UsageFault_Handler
                0x080013f0        0x8 ./Core/Src/stm32f4xx_it.o
                0x080013f0                UsageFault_Handler
 .text.SVC_Handler
                0x080013f8        0xe ./Core/Src/stm32f4xx_it.o
                0x080013f8                SVC_Handler
 .text.DebugMon_Handler
                0x08001406        0xe ./Core/Src/stm32f4xx_it.o
                0x08001406                DebugMon_Handler
 .text.PendSV_Handler
                0x08001414        0xe ./Core/Src/stm32f4xx_it.o
                0x08001414                PendSV_Handler
 .text.SysTick_Handler
                0x08001422        0xc ./Core/Src/stm32f4xx_it.o
                0x08001422                SysTick_Handler
 *fill*         0x0800142e        0x2 
 .text.SystemInit
                0x08001430       0x24 ./Core/Src/system_stm32f4xx.o
                0x08001430                SystemInit
 .text.LL_APB2_GRP1_EnableClock
                0x08001454       0x30 ./Core/Src/timer.o
 .text.LL_APB2_GRP1_DisableClock
                0x08001484       0x28 ./Core/Src/timer.o
 .text.LL_APB2_GRP1_ForceReset
                0x080014ac       0x24 ./Core/Src/timer.o
 .text.LL_APB2_GRP1_ReleaseReset
                0x080014d0       0x28 ./Core/Src/timer.o
 .text.LL_RCC_GetAPB2Prescaler
                0x080014f8       0x1c ./Core/Src/timer.o
 .text.TimerInit
                0x08001514       0x9c ./Core/Src/timer.o
                0x08001514                TimerInit
 .text.TimerReset
                0x080015b0       0x30 ./Core/Src/timer.o
                0x080015b0                TimerReset
 .text.TimerUpdate
                0x080015e0       0x74 ./Core/Src/timer.o
                0x080015e0                TimerUpdate
 .text.TimerGet
                0x08001654       0x14 ./Core/Src/timer.o
                0x08001654                TimerGet
 .text.HAL_GetTick
                0x08001668        0xe ./Core/Src/timer.o
                0x08001668                HAL_GetTick
 *fill*         0x08001676        0x2 
 .text.XcpInit  0x08001678       0x44 ./Core/Src/xcp.o
                0x08001678                XcpInit
 .text.XcpIsConnected
                0x080016bc       0x24 ./Core/Src/xcp.o
                0x080016bc                XcpIsConnected
 .text.XcpPacketTransmitted
                0x080016e0       0x1c ./Core/Src/xcp.o
                0x080016e0                XcpPacketTransmitted
 .text.XcpPacketReceived
                0x080016fc      0x1cc ./Core/Src/xcp.o
                0x080016fc                XcpPacketReceived
 .text.XcpTransmitPacket
                0x080018c8       0x1e ./Core/Src/xcp.o
 .text.XcpComputeChecksum
                0x080018e6       0x40 ./Core/Src/xcp.o
 *fill*         0x08001926        0x2 
 .text.XcpProtectResources
                0x08001928       0x1c ./Core/Src/xcp.o
 .text.XcpSetCtoError
                0x08001944       0x30 ./Core/Src/xcp.o
 .text.XcpGetOrderedLong
                0x08001974       0x50 ./Core/Src/xcp.o
 .text.XcpSetOrderedLong
                0x080019c4       0x42 ./Core/Src/xcp.o
 *fill*         0x08001a06        0x2 
 .text.XcpCmdConnect
                0x08001a08       0x90 ./Core/Src/xcp.o
 .text.XcpCmdDisconnect
                0x08001a98       0x30 ./Core/Src/xcp.o
 .text.XcpCmdGetStatus
                0x08001ac8       0x48 ./Core/Src/xcp.o
 .text.XcpCmdSynch
                0x08001b10       0x16 ./Core/Src/xcp.o
 *fill*         0x08001b26        0x2 
 .text.XcpCmdGetId
                0x08001b28       0x50 ./Core/Src/xcp.o
 .text.XcpCmdSetMta
                0x08001b78       0x34 ./Core/Src/xcp.o
 .text.XcpCmdUpload
                0x08001bac       0x78 ./Core/Src/xcp.o
 .text.XcpCmdShortUpload
                0x08001c24       0x8c ./Core/Src/xcp.o
 .text.XcpCmdBuildCheckSum
                0x08001cb0       0x68 ./Core/Src/xcp.o
 .text.XcpCmdProgramStart
                0x08001d18       0x4c ./Core/Src/xcp.o
 .text.XcpCmdProgramMax
                0x08001d64       0x60 ./Core/Src/xcp.o
 .text.XcpCmdProgram
                0x08001dc4       0x94 ./Core/Src/xcp.o
 .text.XcpCmdProgramClear
                0x08001e58       0x4c ./Core/Src/xcp.o
 .text.XcpCmdProgramReset
                0x08001ea4       0x28 ./Core/Src/xcp.o
 .text.XcpCmdProgramPrepare
                0x08001ecc       0x16 ./Core/Src/xcp.o
 *fill*         0x08001ee2        0x2 
 .text.Reset_Handler
                0x08001ee4       0x50 ./Core/Startup/startup_stm32f401ccux.o
                0x08001ee4                Reset_Handler
 .text.Default_Handler
                0x08001f34        0x2 ./Core/Startup/startup_stm32f401ccux.o
                0x08001f34                RTC_Alarm_IRQHandler
                0x08001f34                EXTI2_IRQHandler
                0x08001f34                SPI4_IRQHandler
                0x08001f34                TIM1_CC_IRQHandler
                0x08001f34                DMA2_Stream5_IRQHandler
                0x08001f34                DMA1_Stream5_IRQHandler
                0x08001f34                PVD_IRQHandler
                0x08001f34                SDIO_IRQHandler
                0x08001f34                TAMP_STAMP_IRQHandler
                0x08001f34                EXTI3_IRQHandler
                0x08001f34                TIM1_UP_TIM10_IRQHandler
                0x08001f34                I2C3_ER_IRQHandler
                0x08001f34                EXTI0_IRQHandler
                0x08001f34                I2C2_EV_IRQHandler
                0x08001f34                DMA1_Stream2_IRQHandler
                0x08001f34                FPU_IRQHandler
                0x08001f34                DMA2_Stream2_IRQHandler
                0x08001f34                SPI1_IRQHandler
                0x08001f34                TIM1_BRK_TIM9_IRQHandler
                0x08001f34                DMA2_Stream3_IRQHandler
                0x08001f34                USART6_IRQHandler
                0x08001f34                DMA2_Stream0_IRQHandler
                0x08001f34                TIM4_IRQHandler
                0x08001f34                I2C1_EV_IRQHandler
                0x08001f34                DMA1_Stream6_IRQHandler
                0x08001f34                DMA1_Stream1_IRQHandler
                0x08001f34                TIM3_IRQHandler
                0x08001f34                RCC_IRQHandler
                0x08001f34                Default_Handler
                0x08001f34                EXTI15_10_IRQHandler
                0x08001f34                ADC_IRQHandler
                0x08001f34                DMA1_Stream7_IRQHandler
                0x08001f34                TIM5_IRQHandler
                0x08001f34                DMA2_Stream7_IRQHandler
                0x08001f34                I2C3_EV_IRQHandler
                0x08001f34                EXTI9_5_IRQHandler
                0x08001f34                RTC_WKUP_IRQHandler
                0x08001f34                SPI2_IRQHandler
                0x08001f34                DMA1_Stream0_IRQHandler
                0x08001f34                EXTI4_IRQHandler
                0x08001f34                WWDG_IRQHandler
                0x08001f34                TIM2_IRQHandler
                0x08001f34                OTG_FS_WKUP_IRQHandler
                0x08001f34                TIM1_TRG_COM_TIM11_IRQHandler
                0x08001f34                EXTI1_IRQHandler
                0x08001f34                USART2_IRQHandler
                0x08001f34                I2C2_ER_IRQHandler
                0x08001f34                DMA2_Stream1_IRQHandler
                0x08001f34                FLASH_IRQHandler
                0x08001f34                DMA2_Stream4_IRQHandler
                0x08001f34                USART1_IRQHandler
                0x08001f34                OTG_FS_IRQHandler
                0x08001f34                SPI3_IRQHandler
                0x08001f34                DMA1_Stream4_IRQHandler
                0x08001f34                I2C1_ER_IRQHandler
                0x08001f34                DMA2_Stream6_IRQHandler
                0x08001f34                DMA1_Stream3_IRQHandler
 *fill*         0x08001f36        0x2 
 .text.HAL_Init
                0x08001f38       0x44 ./Drivers/STM32F4xx_HAL_Driver/Src/stm32f4xx_hal.o
                0x08001f38                HAL_Init
 .text.HAL_DeInit
                0x08001f7c       0x5c ./Drivers/STM32F4xx_HAL_Driver/Src/stm32f4xx_hal.o
                0x08001f7c                HAL_DeInit
 .text.HAL_MspDeInit
                0x08001fd8        0xe ./Drivers/STM32F4xx_HAL_Driver/Src/stm32f4xx_hal.o
                0x08001fd8                HAL_MspDeInit
 *fill*         0x08001fe6        0x2 
 .text.HAL_InitTick
                0x08001fe8       0x60 ./Drivers/STM32F4xx_HAL_Driver/Src/stm32f4xx_hal.o
                0x08001fe8                HAL_InitTick
 .text.HAL_IncTick
                0x08002048       0x28 ./Drivers/STM32F4xx_HAL_Driver/Src/stm32f4xx_hal.o
                0x08002048                HAL_IncTick
 .text.__NVIC_SetPriorityGrouping
                0x08002070       0x48 ./Drivers/STM32F4xx_HAL_Driver/Src/stm32f4xx_hal_cortex.o
 .text.__NVIC_GetPriorityGrouping
                0x080020b8       0x1c ./Drivers/STM32F4xx_HAL_Driver/Src/stm32f4xx_hal_cortex.o
 .text.__NVIC_SetPriority
                0x080020d4       0x54 ./Drivers/STM32F4xx_HAL_Driver/Src/stm32f4xx_hal_cortex.o
 .text.NVIC_EncodePriority
                0x08002128       0x66 ./Drivers/STM32F4xx_HAL_Driver/Src/stm32f4xx_hal_cortex.o
 *fill*         0x0800218e        0x2 
 .text.SysTick_Config
                0x08002190       0x44 ./Drivers/STM32F4xx_HAL_Driver/Src/stm32f4xx_hal_cortex.o
 .text.HAL_NVIC_SetPriorityGrouping
                0x080021d4       0x16 ./Drivers/STM32F4xx_HAL_Driver/Src/stm32f4xx_hal_cortex.o
                0x080021d4                HAL_NVIC_SetPriorityGrouping
 .text.HAL_NVIC_SetPriority
                0x080021ea       0x38 ./Drivers/STM32F4xx_HAL_Driver/Src/stm32f4xx_hal_cortex.o
                0x080021ea                HAL_NVIC_SetPriority
 .text.HAL_SYSTICK_Config
                0x08002222       0x18 ./Drivers/STM32F4xx_HAL_Driver/Src/stm32f4xx_hal_cortex.o
                0x08002222                HAL_SYSTICK_Config
 *fill*         0x0800223a        0x2 
 .text.HAL_FLASH_Program
                0x0800223c       0xa8 ./Drivers/STM32F4xx_HAL_Driver/Src/stm32f4xx_hal_flash.o
                0x0800223c                HAL_FLASH_Program
 .text.HAL_FLASH_Unlock
                0x080022e4       0x44 ./Drivers/STM32F4xx_HAL_Driver/Src/stm32f4xx_hal_flash.o
                0x080022e4                HAL_FLASH_Unlock
 .text.HAL_FLASH_Lock
                0x08002328       0x20 ./Drivers/STM32F4xx_HAL_Driver/Src/stm32f4xx_hal_flash.o
                0x08002328                HAL_FLASH_Lock
 .text.FLASH_WaitForLastOperation
                0x08002348       0x80 ./Drivers/STM32F4xx_HAL_Driver/Src/stm32f4xx_hal_flash.o
                0x08002348                FLASH_WaitForLastOperation
 .text.FLASH_Program_DoubleWord
                0x080023c8       0x64 ./Drivers/STM32F4xx_HAL_Driver/Src/stm32f4xx_hal_flash.o
 .text.FLASH_Program_Word
                0x0800242c       0x44 ./Drivers/STM32F4xx_HAL_Driver/Src/stm32f4xx_hal_flash.o
 .text.FLASH_Program_HalfWord
                0x08002470       0x48 ./Drivers/STM32F4xx_HAL_Driver/Src/stm32f4xx_hal_flash.o
 .text.FLASH_Program_Byte
                0x080024b8       0x44 ./Drivers/STM32F4xx_HAL_Driver/Src/stm32f4xx_hal_flash.o
 .text.FLASH_SetErrorCode
                0x080024fc       0xcc ./Drivers/STM32F4xx_HAL_Driver/Src/stm32f4xx_hal_flash.o
 .text.HAL_FLASHEx_Erase
                0x080025c8       0xe0 ./Drivers/STM32F4xx_HAL_Driver/Src/stm32f4xx_hal_flash_ex.o
                0x080025c8                HAL_FLASHEx_Erase
 .text.FLASH_MassErase
                0x080026a8       0x48 ./Drivers/STM32F4xx_HAL_Driver/Src/stm32f4xx_hal_flash_ex.o
 .text.FLASH_Erase_Sector
                0x080026f0       0x90 ./Drivers/STM32F4xx_HAL_Driver/Src/stm32f4xx_hal_flash_ex.o
                0x080026f0                FLASH_Erase_Sector
 .text.FLASH_FlushCaches
                0x08002780       0x8c ./Drivers/STM32F4xx_HAL_Driver/Src/stm32f4xx_hal_flash_ex.o
                0x08002780                FLASH_FlushCaches
 .text.HAL_GPIO_Init
                0x0800280c      0x308 ./Drivers/STM32F4xx_HAL_Driver/Src/stm32f4xx_hal_gpio.o
                0x0800280c                HAL_GPIO_Init
 .text.HAL_GPIO_ReadPin
                0x08002b14       0x30 ./Drivers/STM32F4xx_HAL_Driver/Src/stm32f4xx_hal_gpio.o
                0x08002b14                HAL_GPIO_ReadPin
 .text.HAL_RCC_GetHCLKFreq
                0x08002b44       0x18 ./Drivers/STM32F4xx_HAL_Driver/Src/stm32f4xx_hal_rcc.o
                0x08002b44                HAL_RCC_GetHCLKFreq
 .text.HAL_RCC_GetPCLK1Freq
                0x08002b5c       0x28 ./Drivers/STM32F4xx_HAL_Driver/Src/stm32f4xx_hal_rcc.o
                0x08002b5c                HAL_RCC_GetPCLK1Freq
 .text.HAL_RCC_GetPCLK2Freq
                0x08002b84       0x28 ./Drivers/STM32F4xx_HAL_Driver/Src/stm32f4xx_hal_rcc.o
                0x08002b84                HAL_RCC_GetPCLK2Freq
 .text.HAL_UART_Init
                0x08002bac       0xa0 ./Drivers/STM32F4xx_HAL_Driver/Src/stm32f4xx_hal_uart.o
                0x08002bac                HAL_UART_Init
 .text.UART_SetConfig
                0x08002c4c      0x4e8 ./Drivers/STM32F4xx_HAL_Driver/Src/stm32f4xx_hal_uart.o
 .text.LL_RCC_GetSysClkSource
                0x08003134       0x1c ./Drivers/STM32F4xx_HAL_Driver/Src/stm32f4xx_ll_rcc.o
 .text.LL_RCC_GetAHBPrescaler
                0x08003150       0x1c ./Drivers/STM32F4xx_HAL_Driver/Src/stm32f4xx_ll_rcc.o
 .text.LL_RCC_GetAPB1Prescaler
                0x0800316c       0x1c ./Drivers/STM32F4xx_HAL_Driver/Src/stm32f4xx_ll_rcc.o
 .text.LL_RCC_GetAPB2Prescaler
                0x08003188       0x1c ./Drivers/STM32F4xx_HAL_Driver/Src/stm32f4xx_ll_rcc.o
 .text.LL_RCC_PLL_GetMainSource
                0x080031a4       0x1c ./Drivers/STM32F4xx_HAL_Driver/Src/stm32f4xx_ll_rcc.o
 .text.LL_RCC_PLL_GetN
                0x080031c0       0x1c ./Drivers/STM32F4xx_HAL_Driver/Src/stm32f4xx_ll_rcc.o
 .text.LL_RCC_PLL_GetP
                0x080031dc       0x1c ./Drivers/STM32F4xx_HAL_Driver/Src/stm32f4xx_ll_rcc.o
 .text.LL_RCC_PLL_GetDivider
                0x080031f8       0x1c ./Drivers/STM32F4xx_HAL_Driver/Src/stm32f4xx_ll_rcc.o
 .text.LL_RCC_GetSystemClocksFreq
                0x08003214       0x4a ./Drivers/STM32F4xx_HAL_Driver/Src/stm32f4xx_ll_rcc.o
                0x08003214                LL_RCC_GetSystemClocksFreq
 *fill*         0x0800325e        0x2 
 .text.RCC_GetSystemClockFreq
                0x08003260       0x50 ./Drivers/STM32F4xx_HAL_Driver/Src/stm32f4xx_ll_rcc.o
                0x08003260                RCC_GetSystemClockFreq
 .text.RCC_GetHCLKClockFreq
                0x080032b0       0x2c ./Drivers/STM32F4xx_HAL_Driver/Src/stm32f4xx_ll_rcc.o
                0x080032b0                RCC_GetHCLKClockFreq
 .text.RCC_GetPCLK1ClockFreq
                0x080032dc       0x28 ./Drivers/STM32F4xx_HAL_Driver/Src/stm32f4xx_ll_rcc.o
                0x080032dc                RCC_GetPCLK1ClockFreq
 .text.RCC_GetPCLK2ClockFreq
                0x08003304       0x28 ./Drivers/STM32F4xx_HAL_Driver/Src/stm32f4xx_ll_rcc.o
                0x08003304                RCC_GetPCLK2ClockFreq
 .text.RCC_PLL_GetFreqDomain_SYS
                0x0800332c       0x7c ./Drivers/STM32F4xx_HAL_Driver/Src/stm32f4xx_ll_rcc.o
                0x0800332c                RCC_PLL_GetFreqDomain_SYS
 .text.LL_USART_IsEnabled
                0x080033a8       0x28 ./Drivers/STM32F4xx_HAL_Driver/Src/stm32f4xx_ll_usart.o
 .text.LL_USART_SetStopBitsLength
                0x080033d0       0x26 ./Drivers/STM32F4xx_HAL_Driver/Src/stm32f4xx_ll_usart.o
 .text.LL_USART_SetHWFlowCtrl
                0x080033f6       0x26 ./Drivers/STM32F4xx_HAL_Driver/Src/stm32f4xx_ll_usart.o
 .text.LL_USART_SetBaudRate
                0x0800341c      0x45c ./Drivers/STM32F4xx_HAL_Driver/Src/stm32f4xx_ll_usart.o
 .text.LL_USART_Init
                0x08003878       0xc8 ./Drivers/STM32F4xx_HAL_Driver/Src/stm32f4xx_ll_usart.o
                0x08003878                LL_USART_Init
 .text.__libc_init_array
                0x08003940       0x48 C:/ST/STM32CubeIDE_1.15.1/STM32CubeIDE/plugins/com.st.stm32cube.ide.mcu.externaltools.gnu-tools-for-stm32.12.3.rel1.win32_1.0.100.202403111256/tools/bin/../lib/gcc/arm-none-eabi/12.3.1/../../../../arm-none-eabi/lib/thumb/v7e-m+fp/hard\libc_nano.a(libc_a-init.o)
                0x08003940                __libc_init_array
 *(.glue_7)
 .glue_7        0x08003988        0x0 linker stubs
 *(.glue_7t)
 .glue_7t       0x08003988        0x0 linker stubs
 *(.eh_frame)
 .eh_frame      0x08003988        0x0 C:/ST/STM32CubeIDE_1.15.1/STM32CubeIDE/plugins/com.st.stm32cube.ide.mcu.externaltools.gnu-tools-for-stm32.12.3.rel1.win32_1.0.100.202403111256/tools/bin/../lib/gcc/arm-none-eabi/12.3.1/thumb/v7e-m+fp/hard/crtbegin.o
 *(.init)
 .init          0x08003988        0x4 C:/ST/STM32CubeIDE_1.15.1/STM32CubeIDE/plugins/com.st.stm32cube.ide.mcu.externaltools.gnu-tools-for-stm32.12.3.rel1.win32_1.0.100.202403111256/tools/bin/../lib/gcc/arm-none-eabi/12.3.1/thumb/v7e-m+fp/hard/crti.o
                0x08003988                _init
 .init          0x0800398c        0x8 C:/ST/STM32CubeIDE_1.15.1/STM32CubeIDE/plugins/com.st.stm32cube.ide.mcu.externaltools.gnu-tools-for-stm32.12.3.rel1.win32_1.0.100.202403111256/tools/bin/../lib/gcc/arm-none-eabi/12.3.1/thumb/v7e-m+fp/hard/crtn.o
 *(.fini)
 .fini          0x08003994        0x4 C:/ST/STM32CubeIDE_1.15.1/STM32CubeIDE/plugins/com.st.stm32cube.ide.mcu.externaltools.gnu-tools-for-stm32.12.3.rel1.win32_1.0.100.202403111256/tools/bin/../lib/gcc/arm-none-eabi/12.3.1/thumb/v7e-m+fp/hard/crti.o
                0x08003994                _fini
 .fini          0x08003998        0x8 C:/ST/STM32CubeIDE_1.15.1/STM32CubeIDE/plugins/com.st.stm32cube.ide.mcu.externaltools.gnu-tools-for-stm32.12.3.rel1.win32_1.0.100.202403111256/tools/bin/../lib/gcc/arm-none-eabi/12.3.1/thumb/v7e-m+fp/hard/crtn.o
                0x080039a0                        . = ALIGN (0x4)
                0x080039a0                        _etext = .

.vfp11_veneer   0x080039a0        0x0
 .vfp11_veneer  0x080039a0        0x0 linker stubs

.v4_bx          0x080039a0        0x0
 .v4_bx         0x080039a0        0x0 linker stubs

.iplt           0x080039a0        0x0
 .iplt          0x080039a0        0x0 C:/ST/STM32CubeIDE_1.15.1/STM32CubeIDE/plugins/com.st.stm32cube.ide.mcu.externaltools.gnu-tools-for-stm32.12.3.rel1.win32_1.0.100.202403111256/tools/bin/../lib/gcc/arm-none-eabi/12.3.1/thumb/v7e-m+fp/hard/crtbegin.o

.rodata         0x080039a0       0x6c
                0x080039a0                        . = ALIGN (0x4)
 *(.rodata)
 .rodata        0x080039a0       0x14 ./Core/Src/flash.o
 .rodata        0x080039b4       0x14 ./Core/Src/rs232.o
 *(.rodata*)
 .rodata.flashLayout
                0x080039c8       0x24 ./Core/Src/flash.o
 .rodata.AHBPrescTable
                0x080039ec       0x10 ./Core/Src/system_stm32f4xx.o
                0x080039ec                AHBPrescTable
 .rodata.APBPrescTable
                0x080039fc        0x8 ./Core/Src/system_stm32f4xx.o
                0x080039fc                APBPrescTable
 .rodata.xcpStationId
                0x08003a04        0x8 ./Core/Src/xcp.o
                0x08003a0c                        . = ALIGN (0x4)

.ARM.extab      0x08003a0c        0x0
                0x08003a0c                        . = ALIGN (0x4)
 *(.ARM.extab* .gnu.linkonce.armextab.*)
                0x08003a0c                        . = ALIGN (0x4)

.ARM            0x08003a0c        0x8
                0x08003a0c                        . = ALIGN (0x4)
                0x08003a0c                        __exidx_start = .
 *(.ARM.exidx*)
 .ARM.exidx     0x08003a0c        0x8 C:/ST/STM32CubeIDE_1.15.1/STM32CubeIDE/plugins/com.st.stm32cube.ide.mcu.externaltools.gnu-tools-for-stm32.12.3.rel1.win32_1.0.100.202403111256/tools/bin/../lib/gcc/arm-none-eabi/12.3.1/thumb/v7e-m+fp/hard\libgcc.a(_udivmoddi4.o)
                0x08003a14                        __exidx_end = .
                0x08003a14                        . = ALIGN (0x4)

.preinit_array  0x08003a14        0x0
                0x08003a14                        . = ALIGN (0x4)
                0x08003a14                        PROVIDE (__preinit_array_start = .)
 *(.preinit_array*)
                0x08003a14                        PROVIDE (__preinit_array_end = .)
                0x08003a14                        . = ALIGN (0x4)

.init_array     0x08003a14        0x4
                0x08003a14                        . = ALIGN (0x4)
                0x08003a14                        PROVIDE (__init_array_start = .)
 *(SORT_BY_NAME(.init_array.*))
 *(.init_array*)
 .init_array    0x08003a14        0x4 C:/ST/STM32CubeIDE_1.15.1/STM32CubeIDE/plugins/com.st.stm32cube.ide.mcu.externaltools.gnu-tools-for-stm32.12.3.rel1.win32_1.0.100.202403111256/tools/bin/../lib/gcc/arm-none-eabi/12.3.1/thumb/v7e-m+fp/hard/crtbegin.o
                0x08003a18                        PROVIDE (__init_array_end = .)
                0x08003a18                        . = ALIGN (0x4)

.fini_array     0x08003a18        0x4
                0x08003a18                        . = ALIGN (0x4)
                [!provide]                        PROVIDE (__fini_array_start = .)
 *(SORT_BY_NAME(.fini_array.*))
 *(.fini_array*)
 .fini_array    0x08003a18        0x4 C:/ST/STM32CubeIDE_1.15.1/STM32CubeIDE/plugins/com.st.stm32cube.ide.mcu.externaltools.gnu-tools-for-stm32.12.3.rel1.win32_1.0.100.202403111256/tools/bin/../lib/gcc/arm-none-eabi/12.3.1/thumb/v7e-m+fp/hard/crtbegin.o
                [!provide]                        PROVIDE (__fini_array_end = .)
                0x08003a1c                        . = ALIGN (0x4)
                0x08003a1c                        _sidata = LOADADDR (.data)

.rel.dyn        0x08003a1c        0x0
 .rel.iplt      0x08003a1c        0x0 C:/ST/STM32CubeIDE_1.15.1/STM32CubeIDE/plugins/com.st.stm32cube.ide.mcu.externaltools.gnu-tools-for-stm32.12.3.rel1.win32_1.0.100.202403111256/tools/bin/../lib/gcc/arm-none-eabi/12.3.1/thumb/v7e-m+fp/hard/crtbegin.o

.data           0x20000000       0x10 load address 0x08003a1c
                0x20000000                        . = ALIGN (0x4)
                0x20000000                        _sdata = .
 *(.data)
 *(.data*)
 .data.comActiveInterface
                0x20000000        0x1 ./Core/Src/com.o
 *fill*         0x20000001        0x3 
 .data.SystemCoreClock
                0x20000004        0x4 ./Core/Src/system_stm32f4xx.o
                0x20000004                SystemCoreClock
 .data.uwTickPrio
                0x20000008        0x4 ./Drivers/STM32F4xx_HAL_Driver/Src/stm32f4xx_hal.o
                0x20000008                uwTickPrio
 .data.uwTickFreq
                0x2000000c        0x1 ./Drivers/STM32F4xx_HAL_Driver/Src/stm32f4xx_hal.o
                0x2000000c                uwTickFreq
 *(.RamFunc)
 *(.RamFunc*)
                0x20000010                        . = ALIGN (0x4)
 *fill*         0x2000000d        0x3 
                0x20000010                        _edata = .

.igot.plt       0x20000010        0x0 load address 0x08003a2c
 .igot.plt      0x20000010        0x0 C:/ST/STM32CubeIDE_1.15.1/STM32CubeIDE/plugins/com.st.stm32cube.ide.mcu.externaltools.gnu-tools-for-stm32.12.3.rel1.win32_1.0.100.202403111256/tools/bin/../lib/gcc/arm-none-eabi/12.3.1/thumb/v7e-m+fp/hard/crtbegin.o
                0x20000010                        . = ALIGN (0x4)

.bss            0x20000010      0x5e8 load address 0x08003a2c
                0x20000010                        _sbss = .
                0x20000010                        __bss_start__ = _sbss
 *(.bss)
 .bss           0x20000010       0x1c C:/ST/STM32CubeIDE_1.15.1/STM32CubeIDE/plugins/com.st.stm32cube.ide.mcu.externaltools.gnu-tools-for-stm32.12.3.rel1.win32_1.0.100.202403111256/tools/bin/../lib/gcc/arm-none-eabi/12.3.1/thumb/v7e-m+fp/hard/crtbegin.o
 *(.bss*)
 .bss.backdoorOpen
                0x2000002c        0x1 ./Core/Src/backdoor.o
 *fill*         0x2000002d        0x3 
 .bss.backdoorOpenTime
                0x20000030        0x4 ./Core/Src/backdoor.o
 .bss.backdoorExtensionTime
                0x20000034        0x4 ./Core/Src/backdoor.o
 .bss.xcpCtoReqPacket.0
                0x20000038       0x81 ./Core/Src/com.o
 *fill*         0x200000b9        0x3 
 .bss.blockInfo
                0x200000bc      0x204 ./Core/Src/flash.o
 .bss.bootBlockInfo
                0x200002c0      0x204 ./Core/Src/flash.o
 .bss.huart2    0x200004c4       0x48 ./Core/Src/main.o
                0x200004c4                huart2
 .bss.USART_InitStruct
                0x2000050c       0x1c ./Core/Src/rs232.o
                0x2000050c                USART_InitStruct
 .bss.xcpCtoRxInProgress.3
                0x20000528        0x1 ./Core/Src/rs232.o
 *fill*         0x20000529        0x3 
 .bss.xcpCtoReqPacket.2
                0x2000052c        0x9 ./Core/Src/rs232.o
 *fill*         0x20000535        0x3 
 .bss.xcpCtoRxStartTime.1
                0x20000538        0x4 ./Core/Src/rs232.o
 .bss.xcpCtoRxLength.0
                0x2000053c        0x1 ./Core/Src/rs232.o
 *fill*         0x2000053d        0x3 
 .bss.millisecond_counter
                0x20000540        0x4 ./Core/Src/timer.o
 .bss.free_running_counter_last
                0x20000544        0x2 ./Core/Src/timer.o
 *fill*         0x20000546        0x2 
 .bss.xcpInfo   0x20000548       0x8c ./Core/Src/xcp.o
 .bss.uwTick    0x200005d4        0x4 ./Drivers/STM32F4xx_HAL_Driver/Src/stm32f4xx_hal.o
                0x200005d4                uwTick
 .bss.pFlash    0x200005d8       0x20 ./Drivers/STM32F4xx_HAL_Driver/Src/stm32f4xx_hal_flash.o
                0x200005d8                pFlash
 *(COMMON)
                0x200005f8                        . = ALIGN (0x4)
                0x200005f8                        _ebss = .
                0x200005f8                        __bss_end__ = _ebss

._user_heap_stack
                0x200005f8      0x600 load address 0x08003a2c
                0x200005f8                        . = ALIGN (0x8)
                [!provide]                        PROVIDE (end = .)
                0x200005f8                        PROVIDE (_end = .)
                0x200007f8                        . = (. + _Min_Heap_Size)
 *fill*         0x200005f8      0x200 
                0x20000bf8                        . = (. + _Min_Stack_Size)
 *fill*         0x200007f8      0x400 
                0x20000bf8                        . = ALIGN (0x8)

/DISCARD/
 libc.a(*)
 libm.a(*)
 libgcc.a(*)

.ARM.attributes
                0x00000000       0x30
 *(.ARM.attributes)
 .ARM.attributes
                0x00000000       0x22 C:/ST/STM32CubeIDE_1.15.1/STM32CubeIDE/plugins/com.st.stm32cube.ide.mcu.externaltools.gnu-tools-for-stm32.12.3.rel1.win32_1.0.100.202403111256/tools/bin/../lib/gcc/arm-none-eabi/12.3.1/thumb/v7e-m+fp/hard/crti.o
 .ARM.attributes
                0x00000022       0x34 C:/ST/STM32CubeIDE_1.15.1/STM32CubeIDE/plugins/com.st.stm32cube.ide.mcu.externaltools.gnu-tools-for-stm32.12.3.rel1.win32_1.0.100.202403111256/tools/bin/../lib/gcc/arm-none-eabi/12.3.1/thumb/v7e-m+fp/hard/crtbegin.o
 .ARM.attributes
                0x00000056       0x34 ./Core/Src/asserts.o
 .ARM.attributes
                0x0000008a       0x34 ./Core/Src/backdoor.o
 .ARM.attributes
                0x000000be       0x34 ./Core/Src/boot.o
 .ARM.attributes
                0x000000f2       0x34 ./Core/Src/com.o
 .ARM.attributes
                0x00000126       0x34 ./Core/Src/cop.o
 .ARM.attributes
                0x0000015a       0x34 ./Core/Src/cpu.o
 .ARM.attributes
                0x0000018e       0x34 ./Core/Src/cpu_comp.o
 .ARM.attributes
                0x000001c2       0x34 ./Core/Src/flash.o
 .ARM.attributes
                0x000001f6       0x34 ./Core/Src/hooks.o
 .ARM.attributes
                0x0000022a       0x34 ./Core/Src/main.o
 .ARM.attributes
                0x0000025e       0x34 ./Core/Src/nvm.o
 .ARM.attributes
                0x00000292       0x34 ./Core/Src/rs232.o
 .ARM.attributes
                0x000002c6       0x34 ./Core/Src/stm32f4xx_hal_msp.o
 .ARM.attributes
                0x000002fa       0x34 ./Core/Src/stm32f4xx_it.o
 .ARM.attributes
                0x0000032e       0x34 ./Core/Src/system_stm32f4xx.o
 .ARM.attributes
                0x00000362       0x34 ./Core/Src/timer.o
 .ARM.attributes
                0x00000396       0x34 ./Core/Src/xcp.o
 .ARM.attributes
                0x000003ca       0x21 ./Core/Startup/startup_stm32f401ccux.o
 .ARM.attributes
                0x000003eb       0x34 ./Drivers/STM32F4xx_HAL_Driver/Src/stm32f4xx_hal.o
 .ARM.attributes
                0x0000041f       0x34 ./Drivers/STM32F4xx_HAL_Driver/Src/stm32f4xx_hal_cortex.o
 .ARM.attributes
                0x00000453       0x34 ./Drivers/STM32F4xx_HAL_Driver/Src/stm32f4xx_hal_flash.o
 .ARM.attributes
                0x00000487       0x34 ./Drivers/STM32F4xx_HAL_Driver/Src/stm32f4xx_hal_flash_ex.o
 .ARM.attributes
                0x000004bb       0x34 ./Drivers/STM32F4xx_HAL_Driver/Src/stm32f4xx_hal_gpio.o
 .ARM.attributes
                0x000004ef       0x34 ./Drivers/STM32F4xx_HAL_Driver/Src/stm32f4xx_hal_rcc.o
 .ARM.attributes
                0x00000523       0x34 ./Drivers/STM32F4xx_HAL_Driver/Src/stm32f4xx_hal_uart.o
 .ARM.attributes
                0x00000557       0x34 ./Drivers/STM32F4xx_HAL_Driver/Src/stm32f4xx_ll_rcc.o
 .ARM.attributes
                0x0000058b       0x34 ./Drivers/STM32F4xx_HAL_Driver/Src/stm32f4xx_ll_usart.o
 .ARM.attributes
                0x000005bf       0x34 C:/ST/STM32CubeIDE_1.15.1/STM32CubeIDE/plugins/com.st.stm32cube.ide.mcu.externaltools.gnu-tools-for-stm32.12.3.rel1.win32_1.0.100.202403111256/tools/bin/../lib/gcc/arm-none-eabi/12.3.1/../../../../arm-none-eabi/lib/thumb/v7e-m+fp/hard\libc_nano.a(libc_a-init.o)
 .ARM.attributes
                0x000005f3       0x22 C:/ST/STM32CubeIDE_1.15.1/STM32CubeIDE/plugins/com.st.stm32cube.ide.mcu.externaltools.gnu-tools-for-stm32.12.3.rel1.win32_1.0.100.202403111256/tools/bin/../lib/gcc/arm-none-eabi/12.3.1/thumb/v7e-m+fp/hard\libgcc.a(_aeabi_uldivmod.o)
 .ARM.attributes
                0x00000615       0x34 C:/ST/STM32CubeIDE_1.15.1/STM32CubeIDE/plugins/com.st.stm32cube.ide.mcu.externaltools.gnu-tools-for-stm32.12.3.rel1.win32_1.0.100.202403111256/tools/bin/../lib/gcc/arm-none-eabi/12.3.1/thumb/v7e-m+fp/hard\libgcc.a(_udivmoddi4.o)
 .ARM.attributes
                0x00000649       0x22 C:/ST/STM32CubeIDE_1.15.1/STM32CubeIDE/plugins/com.st.stm32cube.ide.mcu.externaltools.gnu-tools-for-stm32.12.3.rel1.win32_1.0.100.202403111256/tools/bin/../lib/gcc/arm-none-eabi/12.3.1/thumb/v7e-m+fp/hard\libgcc.a(_dvmd_tls.o)
 .ARM.attributes
                0x0000066b       0x22 C:/ST/STM32CubeIDE_1.15.1/STM32CubeIDE/plugins/com.st.stm32cube.ide.mcu.externaltools.gnu-tools-for-stm32.12.3.rel1.win32_1.0.100.202403111256/tools/bin/../lib/gcc/arm-none-eabi/12.3.1/thumb/v7e-m+fp/hard/crtn.o
OUTPUT(Boot_test.elf elf32-littlearm)
LOAD linker stubs
LOAD C:/ST/STM32CubeIDE_1.15.1/STM32CubeIDE/plugins/com.st.stm32cube.ide.mcu.externaltools.gnu-tools-for-stm32.12.3.rel1.win32_1.0.100.202403111256/tools/bin/../lib/gcc/arm-none-eabi/12.3.1/../../../../arm-none-eabi/lib/thumb/v7e-m+fp/hard\libc.a
LOAD C:/ST/STM32CubeIDE_1.15.1/STM32CubeIDE/plugins/com.st.stm32cube.ide.mcu.externaltools.gnu-tools-for-stm32.12.3.rel1.win32_1.0.100.202403111256/tools/bin/../lib/gcc/arm-none-eabi/12.3.1/../../../../arm-none-eabi/lib/thumb/v7e-m+fp/hard\libm.a
LOAD C:/ST/STM32CubeIDE_1.15.1/STM32CubeIDE/plugins/com.st.stm32cube.ide.mcu.externaltools.gnu-tools-for-stm32.12.3.rel1.win32_1.0.100.202403111256/tools/bin/../lib/gcc/arm-none-eabi/12.3.1/thumb/v7e-m+fp/hard\libgcc.a

.debug_info     0x00000000     0xb052
 .debug_info    0x00000000       0xb6 ./Core/Src/asserts.o
 .debug_info    0x000000b6      0x134 ./Core/Src/backdoor.o
 .debug_info    0x000001ea       0xd3 ./Core/Src/boot.o
 .debug_info    0x000002bd      0x25f ./Core/Src/com.o
 .debug_info    0x0000051c       0x8f ./Core/Src/cop.o
 .debug_info    0x000005ab      0x3f2 ./Core/Src/cpu.o
 .debug_info    0x0000099d       0x83 ./Core/Src/cpu_comp.o
 .debug_info    0x00000a20      0x6d6 ./Core/Src/flash.o
 .debug_info    0x000010f6      0x1d7 ./Core/Src/hooks.o
 .debug_info    0x000012cd      0xa40 ./Core/Src/main.o
 .debug_info    0x00001d0d      0x1bc ./Core/Src/nvm.o
 .debug_info    0x00001ec9      0x4c7 ./Core/Src/rs232.o
 .debug_info    0x00002390      0x921 ./Core/Src/stm32f4xx_hal_msp.o
 .debug_info    0x00002cb1      0x119 ./Core/Src/stm32f4xx_it.o
 .debug_info    0x00002dca      0x53e ./Core/Src/system_stm32f4xx.o
 .debug_info    0x00003308      0x623 ./Core/Src/timer.o
 .debug_info    0x0000392b      0x677 ./Core/Src/xcp.o
 .debug_info    0x00003fa2       0x30 ./Core/Startup/startup_stm32f401ccux.o
 .debug_info    0x00003fd2      0x8bb ./Drivers/STM32F4xx_HAL_Driver/Src/stm32f4xx_hal.o
 .debug_info    0x0000488d      0xcc1 ./Drivers/STM32F4xx_HAL_Driver/Src/stm32f4xx_hal_cortex.o
 .debug_info    0x0000554e      0x589 ./Drivers/STM32F4xx_HAL_Driver/Src/stm32f4xx_hal_flash.o
 .debug_info    0x00005ad7      0x7d8 ./Drivers/STM32F4xx_HAL_Driver/Src/stm32f4xx_hal_flash_ex.o
 .debug_info    0x000062af      0x6f9 ./Drivers/STM32F4xx_HAL_Driver/Src/stm32f4xx_hal_gpio.o
 .debug_info    0x000069a8      0x8f3 ./Drivers/STM32F4xx_HAL_Driver/Src/stm32f4xx_hal_rcc.o
 .debug_info    0x0000729b     0x2f56 ./Drivers/STM32F4xx_HAL_Driver/Src/stm32f4xx_hal_uart.o
 .debug_info    0x0000a1f1      0x747 ./Drivers/STM32F4xx_HAL_Driver/Src/stm32f4xx_ll_rcc.o
 .debug_info    0x0000a938      0x71a ./Drivers/STM32F4xx_HAL_Driver/Src/stm32f4xx_ll_usart.o

.debug_abbrev   0x00000000     0x2bc9
 .debug_abbrev  0x00000000       0x87 ./Core/Src/asserts.o
 .debug_abbrev  0x00000087       0xda ./Core/Src/backdoor.o
 .debug_abbrev  0x00000161       0x5a ./Core/Src/boot.o
 .debug_abbrev  0x000001bb      0x1bb ./Core/Src/com.o
 .debug_abbrev  0x00000376       0x5c ./Core/Src/cop.o
 .debug_abbrev  0x000003d2      0x172 ./Core/Src/cpu.o
 .debug_abbrev  0x00000544       0x47 ./Core/Src/cpu_comp.o
 .debug_abbrev  0x0000058b      0x25b ./Core/Src/flash.o
 .debug_abbrev  0x000007e6      0x111 ./Core/Src/hooks.o
 .debug_abbrev  0x000008f7      0x245 ./Core/Src/main.o
 .debug_abbrev  0x00000b3c      0x10a ./Core/Src/nvm.o
 .debug_abbrev  0x00000c46      0x27f ./Core/Src/rs232.o
 .debug_abbrev  0x00000ec5      0x1ac ./Core/Src/stm32f4xx_hal_msp.o
 .debug_abbrev  0x00001071       0x73 ./Core/Src/stm32f4xx_it.o
 .debug_abbrev  0x000010e4      0x11a ./Core/Src/system_stm32f4xx.o
 .debug_abbrev  0x000011fe      0x19c ./Core/Src/timer.o
 .debug_abbrev  0x0000139a      0x23e ./Core/Src/xcp.o
 .debug_abbrev  0x000015d8       0x24 ./Core/Startup/startup_stm32f401ccux.o
 .debug_abbrev  0x000015fc      0x24b ./Drivers/STM32F4xx_HAL_Driver/Src/stm32f4xx_hal.o
 .debug_abbrev  0x00001847      0x328 ./Drivers/STM32F4xx_HAL_Driver/Src/stm32f4xx_hal_cortex.o
 .debug_abbrev  0x00001b6f      0x27c ./Drivers/STM32F4xx_HAL_Driver/Src/stm32f4xx_hal_flash.o
 .debug_abbrev  0x00001deb      0x25d ./Drivers/STM32F4xx_HAL_Driver/Src/stm32f4xx_hal_flash_ex.o
 .debug_abbrev  0x00002048      0x1d3 ./Drivers/STM32F4xx_HAL_Driver/Src/stm32f4xx_hal_gpio.o
 .debug_abbrev  0x0000221b      0x2b5 ./Drivers/STM32F4xx_HAL_Driver/Src/stm32f4xx_hal_rcc.o
 .debug_abbrev  0x000024d0      0x31b ./Drivers/STM32F4xx_HAL_Driver/Src/stm32f4xx_hal_uart.o
 .debug_abbrev  0x000027eb      0x1ec ./Drivers/STM32F4xx_HAL_Driver/Src/stm32f4xx_ll_rcc.o
 .debug_abbrev  0x000029d7      0x1f2 ./Drivers/STM32F4xx_HAL_Driver/Src/stm32f4xx_ll_usart.o

.debug_aranges  0x00000000      0xd30
 .debug_aranges
                0x00000000       0x20 ./Core/Src/asserts.o
 .debug_aranges
                0x00000020       0x40 ./Core/Src/backdoor.o
 .debug_aranges
                0x00000060       0x28 ./Core/Src/boot.o
 .debug_aranges
                0x00000088       0x50 ./Core/Src/com.o
 .debug_aranges
                0x000000d8       0x28 ./Core/Src/cop.o
 .debug_aranges
                0x00000100       0x38 ./Core/Src/cpu.o
 .debug_aranges
                0x00000138       0x28 ./Core/Src/cpu_comp.o
 .debug_aranges
                0x00000160       0x88 ./Core/Src/flash.o
 .debug_aranges
                0x000001e8       0x30 ./Core/Src/hooks.o
 .debug_aranges
                0x00000218       0x40 ./Core/Src/main.o
 .debug_aranges
                0x00000258       0x48 ./Core/Src/nvm.o
 .debug_aranges
                0x000002a0       0x70 ./Core/Src/rs232.o
 .debug_aranges
                0x00000310       0x30 ./Core/Src/stm32f4xx_hal_msp.o
 .debug_aranges
                0x00000340       0x60 ./Core/Src/stm32f4xx_it.o
 .debug_aranges
                0x000003a0       0x28 ./Core/Src/system_stm32f4xx.o
 .debug_aranges
                0x000003c8       0x68 ./Core/Src/timer.o
 .debug_aranges
                0x00000430       0xe0 ./Core/Src/xcp.o
 .debug_aranges
                0x00000510       0x28 ./Core/Startup/startup_stm32f401ccux.o
 .debug_aranges
                0x00000538       0xf0 ./Drivers/STM32F4xx_HAL_Driver/Src/stm32f4xx_hal.o
 .debug_aranges
                0x00000628      0x120 ./Drivers/STM32F4xx_HAL_Driver/Src/stm32f4xx_hal_cortex.o
 .debug_aranges
                0x00000748       0xa0 ./Drivers/STM32F4xx_HAL_Driver/Src/stm32f4xx_hal_flash.o
 .debug_aranges
                0x000007e8       0xc8 ./Drivers/STM32F4xx_HAL_Driver/Src/stm32f4xx_hal_flash_ex.o
 .debug_aranges
                0x000008b0       0x58 ./Drivers/STM32F4xx_HAL_Driver/Src/stm32f4xx_hal_gpio.o
 .debug_aranges
                0x00000908       0x88 ./Drivers/STM32F4xx_HAL_Driver/Src/stm32f4xx_hal_rcc.o
 .debug_aranges
                0x00000990      0x208 ./Drivers/STM32F4xx_HAL_Driver/Src/stm32f4xx_hal_uart.o
 .debug_aranges
                0x00000b98      0x110 ./Drivers/STM32F4xx_HAL_Driver/Src/stm32f4xx_ll_rcc.o
 .debug_aranges
                0x00000ca8       0x88 ./Drivers/STM32F4xx_HAL_Driver/Src/stm32f4xx_ll_usart.o

.debug_rnglists
                0x00000000      0x9bd
 .debug_rnglists
                0x00000000       0x13 ./Core/Src/asserts.o
 .debug_rnglists
                0x00000013       0x2b ./Core/Src/backdoor.o
 .debug_rnglists
                0x0000003e       0x19 ./Core/Src/boot.o
 .debug_rnglists
                0x00000057       0x37 ./Core/Src/com.o
 .debug_rnglists
                0x0000008e       0x19 ./Core/Src/cop.o
 .debug_rnglists
                0x000000a7       0x25 ./Core/Src/cpu.o
 .debug_rnglists
                0x000000cc       0x19 ./Core/Src/cpu_comp.o
 .debug_rnglists
                0x000000e5       0x68 ./Core/Src/flash.o
 .debug_rnglists
                0x0000014d       0x1f ./Core/Src/hooks.o
 .debug_rnglists
                0x0000016c       0x2c ./Core/Src/main.o
 .debug_rnglists
                0x00000198       0x31 ./Core/Src/nvm.o
 .debug_rnglists
                0x000001c9       0x50 ./Core/Src/rs232.o
 .debug_rnglists
                0x00000219       0x20 ./Core/Src/stm32f4xx_hal_msp.o
 .debug_rnglists
                0x00000239       0x43 ./Core/Src/stm32f4xx_it.o
 .debug_rnglists
                0x0000027c       0x1a ./Core/Src/system_stm32f4xx.o
 .debug_rnglists
                0x00000296       0x4a ./Core/Src/timer.o
 .debug_rnglists
                0x000002e0       0xa7 ./Core/Src/xcp.o
 .debug_rnglists
                0x00000387       0x19 ./Core/Startup/startup_stm32f401ccux.o
 .debug_rnglists
                0x000003a0       0xaf ./Drivers/STM32F4xx_HAL_Driver/Src/stm32f4xx_hal.o
 .debug_rnglists
                0x0000044f       0xd4 ./Drivers/STM32F4xx_HAL_Driver/Src/stm32f4xx_hal_cortex.o
 .debug_rnglists
                0x00000523       0x78 ./Drivers/STM32F4xx_HAL_Driver/Src/stm32f4xx_hal_flash.o
 .debug_rnglists
                0x0000059b       0x96 ./Drivers/STM32F4xx_HAL_Driver/Src/stm32f4xx_hal_flash_ex.o
 .debug_rnglists
                0x00000631       0x3f ./Drivers/STM32F4xx_HAL_Driver/Src/stm32f4xx_hal_gpio.o
 .debug_rnglists
                0x00000670       0x66 ./Drivers/STM32F4xx_HAL_Driver/Src/stm32f4xx_hal_rcc.o
 .debug_rnglists
                0x000006d6      0x1bc ./Drivers/STM32F4xx_HAL_Driver/Src/stm32f4xx_hal_uart.o
 .debug_rnglists
                0x00000892       0xc8 ./Drivers/STM32F4xx_HAL_Driver/Src/stm32f4xx_ll_rcc.o
 .debug_rnglists
                0x0000095a       0x63 ./Drivers/STM32F4xx_HAL_Driver/Src/stm32f4xx_ll_usart.o

.debug_macro    0x00000000    0x17f04
 .debug_macro   0x00000000       0x91 ./Core/Src/asserts.o
 .debug_macro   0x00000091      0xab4 ./Core/Src/asserts.o
 .debug_macro   0x00000b45       0x1c ./Core/Src/asserts.o
 .debug_macro   0x00000b61       0x1c ./Core/Src/asserts.o
 .debug_macro   0x00000b7d       0x22 ./Core/Src/asserts.o
 .debug_macro   0x00000b9f      0x125 ./Core/Src/asserts.o
 .debug_macro   0x00000cc4       0x55 ./Core/Src/asserts.o
 .debug_macro   0x00000d19       0x1c ./Core/Src/asserts.o
 .debug_macro   0x00000d35      0x1aa ./Core/Src/asserts.o
 .debug_macro   0x00000edf       0x58 ./Core/Src/asserts.o
 .debug_macro   0x00000f37       0x97 ./Core/Src/backdoor.o
 .debug_macro   0x00000fce       0x91 ./Core/Src/boot.o
 .debug_macro   0x0000105f       0x9f ./Core/Src/com.o
 .debug_macro   0x000010fe       0x91 ./Core/Src/cop.o
 .debug_macro   0x0000118f      0x246 ./Core/Src/cpu.o
 .debug_macro   0x000013d5       0x2e ./Core/Src/cpu.o
 .debug_macro   0x00001403       0x28 ./Core/Src/cpu.o
 .debug_macro   0x0000142b       0x22 ./Core/Src/cpu.o
 .debug_macro   0x0000144d       0x8e ./Core/Src/cpu.o
 .debug_macro   0x000014db       0x51 ./Core/Src/cpu.o
 .debug_macro   0x0000152c      0x103 ./Core/Src/cpu.o
 .debug_macro   0x0000162f       0x6a ./Core/Src/cpu.o
 .debug_macro   0x00001699      0x1df ./Core/Src/cpu.o
 .debug_macro   0x00001878       0x1c ./Core/Src/cpu.o
 .debug_macro   0x00001894       0x22 ./Core/Src/cpu.o
 .debug_macro   0x000018b6       0xfb ./Core/Src/cpu.o
 .debug_macro   0x000019b1     0x1011 ./Core/Src/cpu.o
 .debug_macro   0x000029c2      0x11f ./Core/Src/cpu.o
 .debug_macro   0x00002ae1     0xb86c ./Core/Src/cpu.o
 .debug_macro   0x0000e34d       0x6d ./Core/Src/cpu.o
 .debug_macro   0x0000e3ba      0x295 ./Core/Src/cpu.o
 .debug_macro   0x0000e64f     0x368c ./Core/Src/cpu.o
 .debug_macro   0x00011cdb      0x189 ./Core/Src/cpu.o
 .debug_macro   0x00011e64       0x5c ./Core/Src/cpu.o
 .debug_macro   0x00011ec0      0x416 ./Core/Src/cpu.o
 .debug_macro   0x000122d6      0x9e9 ./Core/Src/cpu.o
 .debug_macro   0x00012cbf      0x115 ./Core/Src/cpu.o
 .debug_macro   0x00012dd4       0xf8 ./Core/Src/cpu.o
 .debug_macro   0x00012ecc       0xa5 ./Core/Src/cpu.o
 .debug_macro   0x00012f71      0x15f ./Core/Src/cpu.o
 .debug_macro   0x000130d0      0x287 ./Core/Src/cpu.o
 .debug_macro   0x00013357       0x5f ./Core/Src/cpu.o
 .debug_macro   0x000133b6      0x236 ./Core/Src/cpu.o
 .debug_macro   0x000135ec      0x132 ./Core/Src/cpu.o
 .debug_macro   0x0001371e      0x23a ./Core/Src/cpu.o
 .debug_macro   0x00013958       0x2e ./Core/Src/cpu.o
 .debug_macro   0x00013986      0x127 ./Core/Src/cpu.o
 .debug_macro   0x00013aad       0x85 ./Core/Src/cpu.o
 .debug_macro   0x00013b32       0x89 ./Core/Src/cpu.o
 .debug_macro   0x00013bbb      0x2aa ./Core/Src/cpu.o
 .debug_macro   0x00013e65      0x126 ./Core/Src/cpu.o
 .debug_macro   0x00013f8b       0x91 ./Core/Src/cpu_comp.o
 .debug_macro   0x0001401c      0x25e ./Core/Src/flash.o
 .debug_macro   0x0001427a      0x23a ./Core/Src/hooks.o
 .debug_macro   0x000144b4      0x244 ./Core/Src/main.o
 .debug_macro   0x000146f8       0x9b ./Core/Src/nvm.o
 .debug_macro   0x00014793      0x263 ./Core/Src/rs232.o
 .debug_macro   0x000149f6      0x1c1 ./Core/Src/rs232.o
 .debug_macro   0x00014bb7      0x244 ./Core/Src/stm32f4xx_hal_msp.o
 .debug_macro   0x00014dfb      0x24e ./Core/Src/stm32f4xx_it.o
 .debug_macro   0x00015049      0x1ba ./Core/Src/system_stm32f4xx.o
 .debug_macro   0x00015203      0x258 ./Core/Src/timer.o
 .debug_macro   0x0001545b      0x116 ./Core/Src/timer.o
 .debug_macro   0x00015571      0x77a ./Core/Src/timer.o
 .debug_macro   0x00015ceb       0x91 ./Core/Src/xcp.o
 .debug_macro   0x00015d7c      0x21a ./Drivers/STM32F4xx_HAL_Driver/Src/stm32f4xx_hal.o
 .debug_macro   0x00015f96      0x1ba ./Drivers/STM32F4xx_HAL_Driver/Src/stm32f4xx_hal_cortex.o
 .debug_macro   0x00016150      0x1c0 ./Drivers/STM32F4xx_HAL_Driver/Src/stm32f4xx_hal_flash.o
 .debug_macro   0x00016310      0x1c0 ./Drivers/STM32F4xx_HAL_Driver/Src/stm32f4xx_hal_flash_ex.o
 .debug_macro   0x000164d0      0x1c0 ./Drivers/STM32F4xx_HAL_Driver/Src/stm32f4xx_hal_gpio.o
 .debug_macro   0x00016690      0x1de ./Drivers/STM32F4xx_HAL_Driver/Src/stm32f4xx_hal_rcc.o
 .debug_macro   0x0001686e      0x1bb ./Drivers/STM32F4xx_HAL_Driver/Src/stm32f4xx_hal_uart.o
 .debug_macro   0x00016a29      0x1e7 ./Drivers/STM32F4xx_HAL_Driver/Src/stm32f4xx_ll_rcc.o
 .debug_macro   0x00016c10      0x782 ./Drivers/STM32F4xx_HAL_Driver/Src/stm32f4xx_ll_rcc.o
 .debug_macro   0x00017392      0x22f ./Drivers/STM32F4xx_HAL_Driver/Src/stm32f4xx_ll_usart.o
 .debug_macro   0x000175c1      0x1bb ./Drivers/STM32F4xx_HAL_Driver/Src/stm32f4xx_ll_usart.o
 .debug_macro   0x0001777c      0x788 ./Drivers/STM32F4xx_HAL_Driver/Src/stm32f4xx_ll_usart.o

.debug_line     0x00000000     0xe31f
 .debug_line    0x00000000       0xec ./Core/Src/asserts.o
 .debug_line    0x000000ec      0x17f ./Core/Src/backdoor.o
 .debug_line    0x0000026b      0x108 ./Core/Src/boot.o
 .debug_line    0x00000373      0x1fe ./Core/Src/com.o
 .debug_line    0x00000571       0xfe ./Core/Src/cop.o
 .debug_line    0x0000066f      0x840 ./Core/Src/cpu.o
 .debug_line    0x00000eaf      0x103 ./Core/Src/cpu_comp.o
 .debug_line    0x00000fb2      0xc23 ./Core/Src/flash.o
 .debug_line    0x00001bd5      0x7c8 ./Core/Src/hooks.o
 .debug_line    0x0000239d      0x875 ./Core/Src/main.o
 .debug_line    0x00002c12      0x17b ./Core/Src/nvm.o
 .debug_line    0x00002d8d      0x994 ./Core/Src/rs232.o
 .debug_line    0x00003721      0x7fc ./Core/Src/stm32f4xx_hal_msp.o
 .debug_line    0x00003f1d      0x872 ./Core/Src/stm32f4xx_it.o
 .debug_line    0x0000478f      0x7a2 ./Core/Src/system_stm32f4xx.o
 .debug_line    0x00004f31      0x974 ./Core/Src/timer.o
 .debug_line    0x000058a5      0x5a6 ./Core/Src/xcp.o
 .debug_line    0x00005e4b       0x7a ./Core/Startup/startup_stm32f401ccux.o
 .debug_line    0x00005ec5      0xa0b ./Drivers/STM32F4xx_HAL_Driver/Src/stm32f4xx_hal.o
 .debug_line    0x000068d0      0xcd3 ./Drivers/STM32F4xx_HAL_Driver/Src/stm32f4xx_hal_cortex.o
 .debug_line    0x000075a3      0xae2 ./Drivers/STM32F4xx_HAL_Driver/Src/stm32f4xx_hal_flash.o
 .debug_line    0x00008085      0xbe5 ./Drivers/STM32F4xx_HAL_Driver/Src/stm32f4xx_hal_flash_ex.o
 .debug_line    0x00008c6a      0xb5b ./Drivers/STM32F4xx_HAL_Driver/Src/stm32f4xx_hal_gpio.o
 .debug_line    0x000097c5      0xd7c ./Drivers/STM32F4xx_HAL_Driver/Src/stm32f4xx_hal_rcc.o
 .debug_line    0x0000a541     0x28dd ./Drivers/STM32F4xx_HAL_Driver/Src/stm32f4xx_hal_uart.o
 .debug_line    0x0000ce1e      0xb97 ./Drivers/STM32F4xx_HAL_Driver/Src/stm32f4xx_ll_rcc.o
 .debug_line    0x0000d9b5      0x96a ./Drivers/STM32F4xx_HAL_Driver/Src/stm32f4xx_ll_usart.o

.debug_str      0x00000000    0x89587
 .debug_str     0x00000000     0x3e69 ./Core/Src/asserts.o
                               0x3ed2 (size before relaxing)
 .debug_str     0x00003e69      0x10c ./Core/Src/backdoor.o
                               0x3f9c (size before relaxing)
 .debug_str     0x00003f75       0x63 ./Core/Src/boot.o
                               0x3f0e (size before relaxing)
 .debug_str     0x00003fd8      0x184 ./Core/Src/com.o
                               0x4036 (size before relaxing)
 .debug_str     0x0000415c       0x2d ./Core/Src/cop.o
                               0x3ec5 (size before relaxing)
 .debug_str     0x00004189    0x7c29b ./Core/Src/cpu.o
                              0x803ee (size before relaxing)
 .debug_str     0x00080424       0x17 ./Core/Src/cpu_comp.o
                               0x3eb7 (size before relaxing)
 .debug_str     0x0008043b      0x3df ./Core/Src/flash.o
                              0x80627 (size before relaxing)
 .debug_str     0x0008081a       0x8c ./Core/Src/hooks.o
                              0x80257 (size before relaxing)
 .debug_str     0x000808a6      0x6ae ./Core/Src/main.o
                              0x80924 (size before relaxing)
 .debug_str     0x00080f54       0x2c ./Core/Src/nvm.o
                               0x3f8c (size before relaxing)
 .debug_str     0x00080f80     0x1004 ./Core/Src/rs232.o
                              0x812a1 (size before relaxing)
 .debug_str     0x00081f84       0xaa ./Core/Src/stm32f4xx_hal_msp.o
                              0x807f0 (size before relaxing)
 .debug_str     0x0008202e       0xc9 ./Core/Src/stm32f4xx_it.o
                              0x80245 (size before relaxing)
 .debug_str     0x000820f7       0x87 ./Core/Src/system_stm32f4xx.o
                              0x7f347 (size before relaxing)
 .debug_str     0x0008217e     0x48b9 ./Core/Src/timer.o
                              0x84c0c (size before relaxing)
 .debug_str     0x00086a37      0x23d ./Core/Src/xcp.o
                               0x41ef (size before relaxing)
 .debug_str     0x00086c74       0x44 ./Core/Startup/startup_stm32f401ccux.o
                                 0x8d (size before relaxing)
 .debug_str     0x00086cb8      0x989 ./Drivers/STM32F4xx_HAL_Driver/Src/stm32f4xx_hal.o
                              0x7fd69 (size before relaxing)
 .debug_str     0x00087641      0x361 ./Drivers/STM32F4xx_HAL_Driver/Src/stm32f4xx_hal_cortex.o
                              0x7faa1 (size before relaxing)
 .debug_str     0x000879a2      0x291 ./Drivers/STM32F4xx_HAL_Driver/Src/stm32f4xx_hal_flash.o
                              0x7f525 (size before relaxing)
 .debug_str     0x00087c33      0x29c ./Drivers/STM32F4xx_HAL_Driver/Src/stm32f4xx_hal_flash_ex.o
                              0x7f648 (size before relaxing)
 .debug_str     0x00087ecf      0x122 ./Drivers/STM32F4xx_HAL_Driver/Src/stm32f4xx_hal_gpio.o
                              0x7f4c2 (size before relaxing)
 .debug_str     0x00087ff1      0x228 ./Drivers/STM32F4xx_HAL_Driver/Src/stm32f4xx_hal_rcc.o
                              0x7f77b (size before relaxing)
 .debug_str     0x00088219      0x657 ./Drivers/STM32F4xx_HAL_Driver/Src/stm32f4xx_hal_uart.o
                              0x7fd4a (size before relaxing)
 .debug_str     0x00088870      0x515 ./Drivers/STM32F4xx_HAL_Driver/Src/stm32f4xx_ll_rcc.o
                              0x83808 (size before relaxing)
 .debug_str     0x00088d85      0x802 ./Drivers/STM32F4xx_HAL_Driver/Src/stm32f4xx_ll_usart.o
                              0x8517e (size before relaxing)

.comment        0x00000000       0x43
 .comment       0x00000000       0x43 ./Core/Src/asserts.o
                                 0x44 (size before relaxing)
 .comment       0x00000043       0x44 ./Core/Src/backdoor.o
 .comment       0x00000043       0x44 ./Core/Src/boot.o
 .comment       0x00000043       0x44 ./Core/Src/com.o
 .comment       0x00000043       0x44 ./Core/Src/cop.o
 .comment       0x00000043       0x44 ./Core/Src/cpu.o
 .comment       0x00000043       0x44 ./Core/Src/cpu_comp.o
 .comment       0x00000043       0x44 ./Core/Src/flash.o
 .comment       0x00000043       0x44 ./Core/Src/hooks.o
 .comment       0x00000043       0x44 ./Core/Src/main.o
 .comment       0x00000043       0x44 ./Core/Src/nvm.o
 .comment       0x00000043       0x44 ./Core/Src/rs232.o
 .comment       0x00000043       0x44 ./Core/Src/stm32f4xx_hal_msp.o
 .comment       0x00000043       0x44 ./Core/Src/stm32f4xx_it.o
 .comment       0x00000043       0x44 ./Core/Src/system_stm32f4xx.o
 .comment       0x00000043       0x44 ./Core/Src/timer.o
 .comment       0x00000043       0x44 ./Core/Src/xcp.o
 .comment       0x00000043       0x44 ./Drivers/STM32F4xx_HAL_Driver/Src/stm32f4xx_hal.o
 .comment       0x00000043       0x44 ./Drivers/STM32F4xx_HAL_Driver/Src/stm32f4xx_hal_cortex.o
 .comment       0x00000043       0x44 ./Drivers/STM32F4xx_HAL_Driver/Src/stm32f4xx_hal_flash.o
 .comment       0x00000043       0x44 ./Drivers/STM32F4xx_HAL_Driver/Src/stm32f4xx_hal_flash_ex.o
 .comment       0x00000043       0x44 ./Drivers/STM32F4xx_HAL_Driver/Src/stm32f4xx_hal_gpio.o
 .comment       0x00000043       0x44 ./Drivers/STM32F4xx_HAL_Driver/Src/stm32f4xx_hal_rcc.o
 .comment       0x00000043       0x44 ./Drivers/STM32F4xx_HAL_Driver/Src/stm32f4xx_hal_uart.o
 .comment       0x00000043       0x44 ./Drivers/STM32F4xx_HAL_Driver/Src/stm32f4xx_ll_rcc.o
 .comment       0x00000043       0x44 ./Drivers/STM32F4xx_HAL_Driver/Src/stm32f4xx_ll_usart.o

.debug_frame    0x00000000     0x3140
 .debug_frame   0x00000000       0x30 ./Core/Src/asserts.o
 .debug_frame   0x00000030       0xac ./Core/Src/backdoor.o
 .debug_frame   0x000000dc       0x48 ./Core/Src/boot.o
 .debug_frame   0x00000124      0x108 ./Core/Src/com.o
 .debug_frame   0x0000022c       0x48 ./Core/Src/cop.o
 .debug_frame   0x00000274       0x98 ./Core/Src/cpu.o
 .debug_frame   0x0000030c       0x50 ./Core/Src/cpu_comp.o
 .debug_frame   0x0000035c      0x200 ./Core/Src/flash.o
 .debug_frame   0x0000055c       0x6c ./Core/Src/hooks.o
 .debug_frame   0x000005c8       0xac ./Core/Src/main.o
 .debug_frame   0x00000674       0xc8 ./Core/Src/nvm.o
 .debug_frame   0x0000073c      0x1ac ./Core/Src/rs232.o
 .debug_frame   0x000008e8       0x80 ./Core/Src/stm32f4xx_hal_msp.o
 .debug_frame   0x00000968      0x104 ./Core/Src/stm32f4xx_it.o
 .debug_frame   0x00000a6c       0x58 ./Core/Src/system_stm32f4xx.o
 .debug_frame   0x00000ac4      0x174 ./Core/Src/timer.o
 .debug_frame   0x00000c38      0x398 ./Core/Src/xcp.o
 .debug_frame   0x00000fd0      0x374 ./Drivers/STM32F4xx_HAL_Driver/Src/stm32f4xx_hal.o
 .debug_frame   0x00001344      0x4b8 ./Drivers/STM32F4xx_HAL_Driver/Src/stm32f4xx_hal_cortex.o
 .debug_frame   0x000017fc      0x274 ./Drivers/STM32F4xx_HAL_Driver/Src/stm32f4xx_hal_flash.o
 .debug_frame   0x00001a70      0x334 ./Drivers/STM32F4xx_HAL_Driver/Src/stm32f4xx_hal_flash_ex.o
 .debug_frame   0x00001da4      0x14c ./Drivers/STM32F4xx_HAL_Driver/Src/stm32f4xx_hal_gpio.o
 .debug_frame   0x00001ef0      0x1f4 ./Drivers/STM32F4xx_HAL_Driver/Src/stm32f4xx_hal_rcc.o
 .debug_frame   0x000020e4      0x954 ./Drivers/STM32F4xx_HAL_Driver/Src/stm32f4xx_hal_uart.o
 .debug_frame   0x00002a38      0x43c ./Drivers/STM32F4xx_HAL_Driver/Src/stm32f4xx_ll_rcc.o
 .debug_frame   0x00002e74      0x240 ./Drivers/STM32F4xx_HAL_Driver/Src/stm32f4xx_ll_usart.o
 .debug_frame   0x000030b4       0x2c C:/ST/STM32CubeIDE_1.15.1/STM32CubeIDE/plugins/com.st.stm32cube.ide.mcu.externaltools.gnu-tools-for-stm32.12.3.rel1.win32_1.0.100.202403111256/tools/bin/../lib/gcc/arm-none-eabi/12.3.1/../../../../arm-none-eabi/lib/thumb/v7e-m+fp/hard\libc_nano.a(libc_a-init.o)
 .debug_frame   0x000030e0       0x2c C:/ST/STM32CubeIDE_1.15.1/STM32CubeIDE/plugins/com.st.stm32cube.ide.mcu.externaltools.gnu-tools-for-stm32.12.3.rel1.win32_1.0.100.202403111256/tools/bin/../lib/gcc/arm-none-eabi/12.3.1/thumb/v7e-m+fp/hard\libgcc.a(_aeabi_uldivmod.o)
 .debug_frame   0x0000310c       0x34 C:/ST/STM32CubeIDE_1.15.1/STM32CubeIDE/plugins/com.st.stm32cube.ide.mcu.externaltools.gnu-tools-for-stm32.12.3.rel1.win32_1.0.100.202403111256/tools/bin/../lib/gcc/arm-none-eabi/12.3.1/thumb/v7e-m+fp/hard\libgcc.a(_udivmoddi4.o)

.debug_line_str
                0x00000000       0x71
 .debug_line_str
                0x00000000       0x71 ./Core/Startup/startup_stm32f401ccux.o
