../Core/Src/flash.c:227:6:FlashInit	4	static
../Core/Src/flash.c:245:10:FlashWrite	32	static
../Core/Src/flash.c:283:10:FlashErase	24	static
../Core/Src/flash.c:316:10:FlashWriteChecksum	16	static
../Core/Src/flash.c:385:10:FlashVerifyChecksum	16	static
../Core/Src/flash.c:415:10:FlashDone	8	static
../Core/Src/flash.c:445:10:FlashGetUserProgBaseAddress	4	static
../Core/Src/flash.c:459:17:FlashInitBlock	16	static
../Core/Src/flash.c:488:25:FlashSwitchBlock	16	static
../Core/Src/flash.c:540:17:FlashAddToBlock	40	static
../Core/Src/flash.c:611:17:FlashWriteBlock	40	static
../Core/Src/flash.c:674:17:FlashEmptyCheckSector	40	static
../Core/Src/flash.c:738:17:FlashEraseSectors	48	static
../Core/Src/flash.c:803:18:FlashGetSector	24	static
