../Drivers/STM32F4xx_HAL_Driver/Inc/stm32f4xx_ll_usart.h:411:22:LL_USART_Enable	16	static
../Drivers/STM32F4xx_HAL_Driver/Inc/stm32f4xx_ll_usart.h:425:22:LL_USART_Disable	16	static
../Drivers/STM32F4xx_HAL_Driver/Inc/stm32f4xx_ll_usart.h:1793:26:LL_USART_IsActiveFlag_RXNE	16	static
../Drivers/STM32F4xx_HAL_Driver/Inc/stm32f4xx_ll_usart.h:1815:26:LL_USART_IsActiveFlag_TXE	16	static
../Drivers/STM32F4xx_HAL_Driver/Inc/stm32f4xx_ll_usart.h:2404:25:LL_USART_ReceiveData8	16	static
../Drivers/STM32F4xx_HAL_Driver/Inc/stm32f4xx_ll_usart.h:2427:22:LL_USART_TransmitData8	16	static
../Core/Src/rs232.c:89:6:Rs232Init	8	static
../Core/Src/rs232.c:142:6:Rs232TransmitPacket	24	static
../Core/Src/rs232.c:170:10:Rs232ReceivePacket	16	static
../Core/Src/rs232.c:239:17:Rs232ReceiveByte	16	static
../Core/Src/rs232.c:259:13:Rs232TransmitByte	24	static
