../Core/Src/xcp.c:155:6:XcpInit	4	static
../Core/Src/xcp.c:172:10:XcpIsConnected	4	static
../Core/Src/xcp.c:188:6:XcpPacketTransmitted	4	static
../Core/Src/xcp.c:202:6:XcpPacketReceived	16	static
../Core/Src/xcp.c:335:13:XcpTransmitPacket	16	static
../Core/Src/xcp.c:356:18:XcpComputeChecksum	32	static
../Core/Src/xcp.c:418:13:XcpProtectResources	4	static
../Core/Src/xcp.c:452:13:XcpSetCtoError	16	static
../Core/Src/xcp.c:468:19:XcpGetOrderedLong	24	static
../Core/Src/xcp.c:495:13:XcpSetOrderedLong	16	static
../Core/Src/xcp.c:518:13:XcpCmdConnect	16	static
../Core/Src/xcp.c:604:13:XcpCmdDisconnect	16	static
../Core/Src/xcp.c:630:13:XcpCmdGetStatus	16	static
../Core/Src/xcp.c:661:13:XcpCmdSynch	16	static
../Core/Src/xcp.c:678:13:XcpCmdGetId	24	static
../Core/Src/xcp.c:714:13:XcpCmdSetMta	16	static
../Core/Src/xcp.c:734:13:XcpCmdUpload	24	static
../Core/Src/xcp.c:800:13:XcpCmdShortUpload	24	static
../Core/Src/xcp.c:944:13:XcpCmdBuildCheckSum	32	static
../Core/Src/xcp.c:1266:13:XcpCmdProgramStart	16	static
../Core/Src/xcp.c:1310:13:XcpCmdProgramMax	24	static
../Core/Src/xcp.c:1348:13:XcpCmdProgram	16	static
../Core/Src/xcp.c:1405:13:XcpCmdProgramClear	24	static
../Core/Src/xcp.c:1445:13:XcpCmdProgramReset	16	static
../Core/Src/xcp.c:1480:13:XcpCmdProgramPrepare	16	static
